MPLINK 4.35, Linker
Linker Map File - Created Wed Jun 26 12:39:29 2013

                                 Section Info
                  Section       Type    Address   Location Size(Bytes)
                ---------  ---------  ---------  ---------  ---------
               _entry_scn       code   0x000000    program   0x000006
                   .cinit    romdata   0x000006    program   0x00000e
         .code_vfprintf.o       code   0x000014    program   0x000c22
             .code_main.o       code   0x000c36    program   0x000446
          .code_sprintf.o       code   0x00107c    program   0x0000ac
                     PROG       code   0x001128    program   0x0000a6
               _cinit_scn       code   0x0011ce    program   0x00009e
           .code_printf.o       code   0x00126c    program   0x000098
             .code_putc.o       code   0x001304    program   0x000084
          .code_fxm3232.o       code   0x001388    program   0x000070
                   STRING       code   0x0013f8    program   0x000066
             .stringtable    romdata   0x00145e    program   0x00005f
    .idata__user_putc.o_i    romdata   0x0014bd    program   0x000000
          .romdata_putc.o    romdata   0x0014bd    program   0x000000
       .idata_fxm3232.o_i    romdata   0x0014bd    program   0x000000
      .romdata_fxd3232u.o    romdata   0x0014bd    program   0x000000
         .romdata_c018i.o    romdata   0x0014bd    program   0x000000
        .romdata_stdout.o    romdata   0x0014bd    program   0x000000
       .idata_sprintf.o_i    romdata   0x0014bd    program   0x000000
        .idata_printf.o_i    romdata   0x0014bd    program   0x000000
          .romdata_main.o    romdata   0x0014bd    program   0x000000
        .romdata___init.o    romdata   0x0014bd    program   0x000000
      .idata_fxd1616u.o_i    romdata   0x0014bd    program   0x000000
           .code_stdout.o       code   0x0014be    program   0x000000
         .code_fxd3232u.o       code   0x0014be    program   0x000048
         .code_fxd1616u.o       code   0x001506    program   0x00002c
                    CTYPE       code   0x001532    program   0x000024
                    .code       code   0x001556    program   0x000020
             _startup_scn       code   0x001576    program   0x00001c
                    STDIO       code   0x001592    program   0x00001c
      .romdata_vfprintf.o    romdata   0x0015ae    program   0x000011
         .idata_c018i.o_i    romdata   0x0015bf    program   0x000000
          .idata_main.o_i    romdata   0x0015bf    program   0x000000
    .romdata__user_putc.o    romdata   0x0015bf    program   0x000000
          .idata_putc.o_i    romdata   0x0015bf    program   0x000000
       .romdata_fxm3232.o    romdata   0x0015bf    program   0x000000
      .romdata_fxd1616u.o    romdata   0x0015bf    program   0x000000
      .idata_fxd3232u.o_i    romdata   0x0015bf    program   0x000000
        .idata___init.o_i    romdata   0x0015bf    program   0x000000
      .idata_vfprintf.o_i    romdata   0x0015bf    program   0x000000
       .romdata_sprintf.o    romdata   0x0015bf    program   0x000000
        .romdata_printf.o    romdata   0x0015bf    program   0x000000
            .code_c018i.o       code   0x0015c0    program   0x000000
       .code__user_putc.o       code   0x0015c0    program   0x000002
           .code___init.o       code   0x0015c2    program   0x000002
        .idata_stdout.o_i    romdata   0x0015c4    program   0x000002
                MATH_DATA      udata   0x000000       data   0x000014
                 .tmpdata      udata   0x000014       data   0x000007
           .udata_c018i.o      udata   0x000060       data   0x00000a
          .idata_stdout.o      idata   0x00006a       data   0x000002
      .idata__user_putc.o      idata   0x00006c       data   0x000000
      .udata__user_putc.o      udata   0x00006c       data   0x000000
            .idata_putc.o      idata   0x00006c       data   0x000000
            .udata_putc.o      udata   0x00006c       data   0x000000
         .idata_fxm3232.o      idata   0x00006c       data   0x000000
         .udata_fxm3232.o      udata   0x00006c       data   0x000000
        .idata_fxd3232u.o      idata   0x00006c       data   0x000000
        .udata_fxd3232u.o      udata   0x00006c       data   0x000000
        .idata_vfprintf.o      idata   0x00006c       data   0x000000
        .udata_vfprintf.o      udata   0x00006c       data   0x000000
          .udata_stdout.o      udata   0x00006c       data   0x000000
         .idata_sprintf.o      idata   0x00006c       data   0x000000
         .udata_sprintf.o      udata   0x00006c       data   0x000000
          .idata_printf.o      idata   0x00006c       data   0x000000
          .udata_printf.o      udata   0x00006c       data   0x000000
          .idata___init.o      idata   0x00006c       data   0x000000
          .udata___init.o      udata   0x00006c       data   0x000000
        .idata_fxd1616u.o      idata   0x00006c       data   0x000000
        .udata_fxd1616u.o      udata   0x00006c       data   0x000000
            .idata_main.o      idata   0x00006c       data   0x000000
            .udata_main.o      udata   0x00006c       data   0x000000
           .idata_c018i.o      idata   0x00006c       data   0x000000
                   .stack      udata   0x000500       data   0x000100
              SFR_BANKED0      udata   0x000f38       data   0x000003
              SFR_BANKED1      udata   0x000f3d       data   0x000023
            SFR_UNBANKED0      udata   0x000f60       data   0x0000a0



                              Program Memory Usage 
                               Start         End      
                           ---------   ---------      
                            0x000000    0x0014bc      
                            0x0014be    0x0015be      
                            0x0015c0    0x0015c5      
            5572 out of 33048 program addresses used, program memory utilization is 16%



                              Symbols - Sorted by Name
                     Name    Address   Location    Storage File                     
                ---------  ---------  ---------  --------- ---------                
                   D1616S   0x00114a    program     static C:\MCC18\src\traditional\math\fxd1616s.asm
                D1616SNEG   0x001158    program     static C:\MCC18\src\traditional\math\fxd1616s.asm
                 D1616SOK   0x001154    program     static C:\MCC18\src\traditional\math\fxd1616s.asm
                  D1616SX   0x00116a    program     static C:\MCC18\src\traditional\math\fxd1616s.asm
                  DA1616S   0x00113a    program     static C:\MCC18\src\traditional\math\fxd1616s.asm
                 FXD1616S   0x001128    program     extern C:\MCC18\src\traditional\math\fxd1616s.asm
                 FXD1616U   0x001506    program     extern C:\MCC18\src\traditional\math\fxd1616u.c
                 FXD3232U   0x0014be    program     extern C:\MCC18\src\traditional\math\fxd3232u.c
                 FXM1616S   0x001174    program     extern C:\MCC18\src\traditional\math\fxm1616s.asm
                  FXM3232   0x001388    program     extern C:\MCC18\src\traditional\math\fxm3232.c
               TSIGN1616A   0x0011c0    program     static C:\MCC18\src\traditional\math\fxm1616s.asm
                   _2jEnd   0x001448    program     static C:\MCC18\src\traditional\stdclib\slenpgm.asm
       ___return_lbl00000   0x001530    program     static                          
       ___return_lbl00000   0x001504    program     static                          
       ___return_lbl00000   0x000004    program     static                          
       ___return_lbl00000   0x0013f6    program     static                          
       ___return_lbl00001   0x001590    program     static                          
       ___return_lbl00002   0x00126a    program     static                          
                   __init   0x0015c2    program     extern C:\MCC18\src\traditional\stdclib\__init.c
                   __pa_0   0x000954    program     static C:\MCC18\src\traditional\stdclib\vfprintf.c
                   __pa_1   0x00095c    program     static C:\MCC18\src\traditional\stdclib\vfprintf.c
                  __pa_10   0x000a10    program     static C:\MCC18\src\traditional\stdclib\vfprintf.c
                  __pa_11   0x000a1e    program     static C:\MCC18\src\traditional\stdclib\vfprintf.c
                  __pa_12   0x000a34    program     static C:\MCC18\src\traditional\stdclib\vfprintf.c
                  __pa_13   0x000a4e    program     static C:\MCC18\src\traditional\stdclib\vfprintf.c
                  __pa_14   0x000a66    program     static C:\MCC18\src\traditional\stdclib\vfprintf.c
                  __pa_15   0x000a76    program     static C:\MCC18\src\traditional\stdclib\vfprintf.c
                  __pa_16   0x000a8c    program     static C:\MCC18\src\traditional\stdclib\vfprintf.c
                  __pa_17   0x000a9e    program     static C:\MCC18\src\traditional\stdclib\vfprintf.c
                  __pa_18   0x000ab0    program     static C:\MCC18\src\traditional\stdclib\vfprintf.c
                  __pa_19   0x000aba    program     static C:\MCC18\src\traditional\stdclib\vfprintf.c
                   __pa_2   0x000966    program     static C:\MCC18\src\traditional\stdclib\vfprintf.c
                  __pa_20   0x000aca    program     static C:\MCC18\src\traditional\stdclib\vfprintf.c
                  __pa_21   0x000ada    program     static C:\MCC18\src\traditional\stdclib\vfprintf.c
                  __pa_22   0x000aea    program     static C:\MCC18\src\traditional\stdclib\vfprintf.c
                  __pa_23   0x000af6    program     static C:\MCC18\src\traditional\stdclib\vfprintf.c
                  __pa_24   0x000b04    program     static C:\MCC18\src\traditional\stdclib\vfprintf.c
                  __pa_25   0x000b0c    program     static C:\MCC18\src\traditional\stdclib\vfprintf.c
                  __pa_26   0x000b16    program     static C:\MCC18\src\traditional\stdclib\vfprintf.c
                  __pa_27   0x000b20    program     static C:\MCC18\src\traditional\stdclib\vfprintf.c
                  __pa_28   0x000b28    program     static C:\MCC18\src\traditional\stdclib\vfprintf.c
                  __pa_29   0x000b36    program     static C:\MCC18\src\traditional\stdclib\vfprintf.c
                   __pa_3   0x000970    program     static C:\MCC18\src\traditional\stdclib\vfprintf.c
                  __pa_30   0x000b52    program     static C:\MCC18\src\traditional\stdclib\vfprintf.c
                  __pa_31   0x000b6c    program     static C:\MCC18\src\traditional\stdclib\vfprintf.c
                  __pa_32   0x000b86    program     static C:\MCC18\src\traditional\stdclib\vfprintf.c
                  __pa_33   0x000b9e    program     static C:\MCC18\src\traditional\stdclib\vfprintf.c
                  __pa_34   0x000ba8    program     static C:\MCC18\src\traditional\stdclib\vfprintf.c
                  __pa_35   0x000bb6    program     static C:\MCC18\src\traditional\stdclib\vfprintf.c
                  __pa_36   0x000bbe    program     static C:\MCC18\src\traditional\stdclib\vfprintf.c
                  __pa_37   0x000bc8    program     static C:\MCC18\src\traditional\stdclib\vfprintf.c
                  __pa_38   0x000bd8    program     static C:\MCC18\src\traditional\stdclib\vfprintf.c
                  __pa_39   0x000be6    program     static C:\MCC18\src\traditional\stdclib\vfprintf.c
                   __pa_4   0x000988    program     static C:\MCC18\src\traditional\stdclib\vfprintf.c
                  __pa_40   0x000bf2    program     static C:\MCC18\src\traditional\stdclib\vfprintf.c
                  __pa_41   0x000bfe    program     static C:\MCC18\src\traditional\stdclib\vfprintf.c
                  __pa_42   0x000c06    program     static C:\MCC18\src\traditional\stdclib\vfprintf.c
                  __pa_43   0x000c10    program     static C:\MCC18\src\traditional\stdclib\vfprintf.c
                  __pa_44   0x000c16    program     static C:\MCC18\src\traditional\stdclib\vfprintf.c
                  __pa_45   0x000c20    program     static C:\MCC18\src\traditional\stdclib\vfprintf.c
                  __pa_46   0x000c2c    program     static C:\MCC18\src\traditional\stdclib\vfprintf.c
                   __pa_5   0x00099c    program     static C:\MCC18\src\traditional\stdclib\vfprintf.c
                   __pa_6   0x0009b8    program     static C:\MCC18\src\traditional\stdclib\vfprintf.c
                   __pa_7   0x0009c2    program     static C:\MCC18\src\traditional\stdclib\vfprintf.c
                   __pa_8   0x0009ce    program     static C:\MCC18\src\traditional\stdclib\vfprintf.c
                   __pa_9   0x0009f0    program     static C:\MCC18\src\traditional\stdclib\vfprintf.c
               __string_0   0x0014b1    program     static O:\EE478\MPLab\MPLabProjects\mpLabProj4\main.c
               __string_1   0x0014aa    program     static O:\EE478\MPLab\MPLabProjects\mpLabProj4\main.c
               __string_2   0x00149b    program     static O:\EE478\MPLab\MPLabProjects\mpLabProj4\main.c
               __string_3   0x001497    program     static O:\EE478\MPLab\MPLabProjects\mpLabProj4\main.c
               __string_4   0x00148a    program     static O:\EE478\MPLab\MPLabProjects\mpLabProj4\main.c
               __string_5   0x00147f    program     static O:\EE478\MPLab\MPLabProjects\mpLabProj4\main.c
               __string_6   0x001474    program     static O:\EE478\MPLab\MPLabProjects\mpLabProj4\main.c
               __string_7   0x001469    program     static O:\EE478\MPLab\MPLabProjects\mpLabProj4\main.c
               __string_8   0x00145e    program     static O:\EE478\MPLab\MPLabProjects\mpLabProj4\main.c
              __tmplbl_42   0x000aea    program     static                          
              __tmplbl_43   0x000932    program     static                          
              __tmplbl_44   0x000918    program     static                          
              __tmplbl_85   0x00006a    program     static                          
            __zero_memory   0x001556    program     extern C:\MCC18\src\traditional\proc\p18F25K22.asm
                _do_cinit   0x0011ce    program     extern C:\MCC18\src\traditional\startup\c018i.c
                   _entry   0x000000    program     extern C:\MCC18\src\traditional\startup\c018i.c
                   _false   0x001500    program     static                          
                 _startup   0x001576    program     extern C:\MCC18\src\traditional\startup\c018i.c
              _usart_putc   0x001592    program     extern C:\MCC18\src\pmc_common\USART\_usartpc.asm
               _user_putc   0x0015c0    program     extern C:\MCC18\src\traditional\stdclib\_user_putc.c
                compare_l   0x00156c    program     static C:\MCC18\src\traditional\proc\p18F25K22.asm
                copy_loop   0x001240    program     static                          
            copy_one_byte   0x001246    program     static                          
                     done   0x00126a    program     static                          
             done_copying   0x001254    program     static                          
                  endloop   0x00152c    program     static                          
                       f1   0x001046    program     extern O:\EE478\MPLab\MPLabProjects\mpLabProj4\main.c
                  isdigit   0x001532    program     extern C:\MCC18\src\traditional\stdclib\isdigit.asm
                     jEnd   0x00144a    program     static C:\MCC18\src\traditional\stdclib\slenpgm.asm
                     jEnd   0x001412    program     static C:\MCC18\src\traditional\stdclib\strlen.asm
                    jLoop   0x001432    program     static C:\MCC18\src\traditional\stdclib\slenpgm.asm
                    jLoop   0x001408    program     static C:\MCC18\src\traditional\stdclib\strlen.asm
                   jMatch   0x001552    program     static C:\MCC18\src\traditional\stdclib\isdigit.asm
                 jNoMatch   0x001554    program     static C:\MCC18\src\traditional\stdclib\isdigit.asm
                     loop   0x0014cc    program     static                          
                     loop   0x001586    program     static                          
                     loop   0x001510    program     static                          
                     loop   0x0015a2    program     static C:\MCC18\src\pmc_common\USART\_usartpc.asm
                   loop_h   0x001564    program     static C:\MCC18\src\traditional\proc\p18F25K22.asm
                   loop_l   0x00156e    program     static C:\MCC18\src\traditional\proc\p18F25K22.asm
                     main   0x000c36    program     extern O:\EE478\MPLab\MPLabProjects\mpLabProj4\main.c
                   printf   0x00126c    program     extern C:\MCC18\src\traditional\stdclib\printf.c
                     putc   0x001304    program     extern C:\MCC18\src\traditional\stdclib\putc.c
                 s_digits   0x0015ae    program     static C:\MCC18\src\traditional\stdclib\vfprintf.c
            s_put_n_chars   0x000014    program     static C:\MCC18\src\traditional\stdclib\vfprintf.c
                  sprintf   0x00107c    program     extern C:\MCC18\src\traditional\stdclib\sprintf.c
                   strlen   0x0013f8    program     extern C:\MCC18\src\traditional\stdclib\strlen.asm
                strlenpgm   0x001414    program     extern C:\MCC18\src\traditional\stdclib\slenpgm.asm
                     test   0x0011e8    program     static                          
                 vfprintf   0x000040    program     extern C:\MCC18\src\traditional\stdclib\vfprintf.c
               zero_block   0x001564    program     static C:\MCC18\src\traditional\proc\p18F25K22.asm
                   ADCON0   0x000fc2       data     extern C:\MCC18\src\traditional\proc\p18F25K22.asm
               ADCON0bits   0x000fc2       data     extern C:\MCC18\src\traditional\proc\p18F25K22.asm
                   ADCON1   0x000fc1       data     extern C:\MCC18\src\traditional\proc\p18F25K22.asm
               ADCON1bits   0x000fc1       data     extern C:\MCC18\src\traditional\proc\p18F25K22.asm
                   ADCON2   0x000fc0       data     extern C:\MCC18\src\traditional\proc\p18F25K22.asm
               ADCON2bits   0x000fc0       data     extern C:\MCC18\src\traditional\proc\p18F25K22.asm
                    ADRES   0x000fc3       data     extern C:\MCC18\src\traditional\proc\p18F25K22.asm
                   ADRESH   0x000fc4       data     extern C:\MCC18\src\traditional\proc\p18F25K22.asm
                   ADRESL   0x000fc3       data     extern C:\MCC18\src\traditional\proc\p18F25K22.asm
                   ANSELA   0x000f38       data     extern C:\MCC18\src\traditional\proc\p18F25K22.asm
               ANSELAbits   0x000f38       data     extern C:\MCC18\src\traditional\proc\p18F25K22.asm
                   ANSELB   0x000f39       data     extern C:\MCC18\src\traditional\proc\p18F25K22.asm
               ANSELBbits   0x000f39       data     extern C:\MCC18\src\traditional\proc\p18F25K22.asm
                   ANSELC   0x000f3a       data     extern C:\MCC18\src\traditional\proc\p18F25K22.asm
               ANSELCbits   0x000f3a       data     extern C:\MCC18\src\traditional\proc\p18F25K22.asm
                 BAUD1CON   0x000fb8       data     extern C:\MCC18\src\traditional\proc\p18F25K22.asm
             BAUD1CONbits   0x000fb8       data     extern C:\MCC18\src\traditional\proc\p18F25K22.asm
                 BAUD2CON   0x000f70       data     extern C:\MCC18\src\traditional\proc\p18F25K22.asm
             BAUD2CONbits   0x000f70       data     extern C:\MCC18\src\traditional\proc\p18F25K22.asm
                  BAUDCON   0x000fb8       data     extern C:\MCC18\src\traditional\proc\p18F25K22.asm
                 BAUDCON1   0x000fb8       data     extern C:\MCC18\src\traditional\proc\p18F25K22.asm
             BAUDCON1bits   0x000fb8       data     extern C:\MCC18\src\traditional\proc\p18F25K22.asm
                 BAUDCON2   0x000f70       data     extern C:\MCC18\src\traditional\proc\p18F25K22.asm
             BAUDCON2bits   0x000f70       data     extern C:\MCC18\src\traditional\proc\p18F25K22.asm
              BAUDCONbits   0x000fb8       data     extern C:\MCC18\src\traditional\proc\p18F25K22.asm
                  BAUDCTL   0x000fb8       data     extern C:\MCC18\src\traditional\proc\p18F25K22.asm
              BAUDCTLbits   0x000fb8       data     extern C:\MCC18\src\traditional\proc\p18F25K22.asm
                      BSR   0x000fe0       data     extern C:\MCC18\src\traditional\proc\p18F25K22.asm
                  CCP1CON   0x000fbd       data     extern C:\MCC18\src\traditional\proc\p18F25K22.asm
              CCP1CONbits   0x000fbd       data     extern C:\MCC18\src\traditional\proc\p18F25K22.asm
                   CCP2AS   0x000f64       data     extern C:\MCC18\src\traditional\proc\p18F25K22.asm
               CCP2ASbits   0x000f64       data     extern C:\MCC18\src\traditional\proc\p18F25K22.asm
                  CCP2CON   0x000f66       data     extern C:\MCC18\src\traditional\proc\p18F25K22.asm
              CCP2CONbits   0x000f66       data     extern C:\MCC18\src\traditional\proc\p18F25K22.asm
                   CCP3AS   0x000f5b       data     extern C:\MCC18\src\traditional\proc\p18F25K22.asm
               CCP3ASbits   0x000f5b       data     extern C:\MCC18\src\traditional\proc\p18F25K22.asm
                  CCP3CON   0x000f5d       data     extern C:\MCC18\src\traditional\proc\p18F25K22.asm
              CCP3CONbits   0x000f5d       data     extern C:\MCC18\src\traditional\proc\p18F25K22.asm
                  CCP4CON   0x000f57       data     extern C:\MCC18\src\traditional\proc\p18F25K22.asm
              CCP4CONbits   0x000f57       data     extern C:\MCC18\src\traditional\proc\p18F25K22.asm
                  CCP5CON   0x000f54       data     extern C:\MCC18\src\traditional\proc\p18F25K22.asm
              CCP5CONbits   0x000f54       data     extern C:\MCC18\src\traditional\proc\p18F25K22.asm
                    CCPR1   0x000fbe       data     extern C:\MCC18\src\traditional\proc\p18F25K22.asm
                   CCPR1H   0x000fbf       data     extern C:\MCC18\src\traditional\proc\p18F25K22.asm
                   CCPR1L   0x000fbe       data     extern C:\MCC18\src\traditional\proc\p18F25K22.asm
                    CCPR2   0x000f67       data     extern C:\MCC18\src\traditional\proc\p18F25K22.asm
                   CCPR2H   0x000f68       data     extern C:\MCC18\src\traditional\proc\p18F25K22.asm
                   CCPR2L   0x000f67       data     extern C:\MCC18\src\traditional\proc\p18F25K22.asm
                    CCPR3   0x000f5e       data     extern C:\MCC18\src\traditional\proc\p18F25K22.asm
                   CCPR3H   0x000f5f       data     extern C:\MCC18\src\traditional\proc\p18F25K22.asm
                   CCPR3L   0x000f5e       data     extern C:\MCC18\src\traditional\proc\p18F25K22.asm
                    CCPR4   0x000f58       data     extern C:\MCC18\src\traditional\proc\p18F25K22.asm
                   CCPR4H   0x000f59       data     extern C:\MCC18\src\traditional\proc\p18F25K22.asm
                   CCPR4L   0x000f58       data     extern C:\MCC18\src\traditional\proc\p18F25K22.asm
                    CCPR5   0x000f55       data     extern C:\MCC18\src\traditional\proc\p18F25K22.asm
                   CCPR5H   0x000f56       data     extern C:\MCC18\src\traditional\proc\p18F25K22.asm
                   CCPR5L   0x000f55       data     extern C:\MCC18\src\traditional\proc\p18F25K22.asm
                 CCPTMRS0   0x000f49       data     extern C:\MCC18\src\traditional\proc\p18F25K22.asm
             CCPTMRS0bits   0x000f49       data     extern C:\MCC18\src\traditional\proc\p18F25K22.asm
                 CCPTMRS1   0x000f48       data     extern C:\MCC18\src\traditional\proc\p18F25K22.asm
             CCPTMRS1bits   0x000f48       data     extern C:\MCC18\src\traditional\proc\p18F25K22.asm
                  CM12CON   0x000f77       data     extern C:\MCC18\src\traditional\proc\p18F25K22.asm
              CM12CONbits   0x000f77       data     extern C:\MCC18\src\traditional\proc\p18F25K22.asm
                   CM1CON   0x000f79       data     extern C:\MCC18\src\traditional\proc\p18F25K22.asm
                  CM1CON0   0x000f79       data     extern C:\MCC18\src\traditional\proc\p18F25K22.asm
              CM1CON0bits   0x000f79       data     extern C:\MCC18\src\traditional\proc\p18F25K22.asm
               CM1CONbits   0x000f79       data     extern C:\MCC18\src\traditional\proc\p18F25K22.asm
                   CM2CON   0x000f78       data     extern C:\MCC18\src\traditional\proc\p18F25K22.asm
                  CM2CON0   0x000f78       data     extern C:\MCC18\src\traditional\proc\p18F25K22.asm
              CM2CON0bits   0x000f78       data     extern C:\MCC18\src\traditional\proc\p18F25K22.asm
                  CM2CON1   0x000f77       data     extern C:\MCC18\src\traditional\proc\p18F25K22.asm
              CM2CON1bits   0x000f77       data     extern C:\MCC18\src\traditional\proc\p18F25K22.asm
               CM2CONbits   0x000f78       data     extern C:\MCC18\src\traditional\proc\p18F25K22.asm
                 CTMUCON0   0x000f45       data     extern C:\MCC18\src\traditional\proc\p18F25K22.asm
             CTMUCON0bits   0x000f45       data     extern C:\MCC18\src\traditional\proc\p18F25K22.asm
                 CTMUCON1   0x000f44       data     extern C:\MCC18\src\traditional\proc\p18F25K22.asm
             CTMUCON1bits   0x000f44       data     extern C:\MCC18\src\traditional\proc\p18F25K22.asm
                 CTMUCONH   0x000f45       data     extern C:\MCC18\src\traditional\proc\p18F25K22.asm
             CTMUCONHbits   0x000f45       data     extern C:\MCC18\src\traditional\proc\p18F25K22.asm
                 CTMUCONL   0x000f44       data     extern C:\MCC18\src\traditional\proc\p18F25K22.asm
             CTMUCONLbits   0x000f44       data     extern C:\MCC18\src\traditional\proc\p18F25K22.asm
                 CTMUICON   0x000f43       data     extern C:\MCC18\src\traditional\proc\p18F25K22.asm
                CTMUICONH   0x000f43       data     extern C:\MCC18\src\traditional\proc\p18F25K22.asm
            CTMUICONHbits   0x000f43       data     extern C:\MCC18\src\traditional\proc\p18F25K22.asm
             CTMUICONbits   0x000f43       data     extern C:\MCC18\src\traditional\proc\p18F25K22.asm
                  DACCON0   0x000f41       data     extern C:\MCC18\src\traditional\proc\p18F25K22.asm
              DACCON0bits   0x000f41       data     extern C:\MCC18\src\traditional\proc\p18F25K22.asm
                  DACCON1   0x000f40       data     extern C:\MCC18\src\traditional\proc\p18F25K22.asm
              DACCON1bits   0x000f40       data     extern C:\MCC18\src\traditional\proc\p18F25K22.asm
                     DDRA   0x000f92       data     extern C:\MCC18\src\traditional\proc\p18F25K22.asm
                 DDRAbits   0x000f92       data     extern C:\MCC18\src\traditional\proc\p18F25K22.asm
                     DDRB   0x000f93       data     extern C:\MCC18\src\traditional\proc\p18F25K22.asm
                 DDRBbits   0x000f93       data     extern C:\MCC18\src\traditional\proc\p18F25K22.asm
                     DDRC   0x000f94       data     extern C:\MCC18\src\traditional\proc\p18F25K22.asm
                 DDRCbits   0x000f94       data     extern C:\MCC18\src\traditional\proc\p18F25K22.asm
                  ECCP1AS   0x000fb6       data     extern C:\MCC18\src\traditional\proc\p18F25K22.asm
              ECCP1ASbits   0x000fb6       data     extern C:\MCC18\src\traditional\proc\p18F25K22.asm
                  ECCP2AS   0x000f64       data     extern C:\MCC18\src\traditional\proc\p18F25K22.asm
              ECCP2ASbits   0x000f64       data     extern C:\MCC18\src\traditional\proc\p18F25K22.asm
                  ECCP3AS   0x000f5b       data     extern C:\MCC18\src\traditional\proc\p18F25K22.asm
              ECCP3ASbits   0x000f5b       data     extern C:\MCC18\src\traditional\proc\p18F25K22.asm
                   ECCPAS   0x000fb6       data     extern C:\MCC18\src\traditional\proc\p18F25K22.asm
               ECCPASbits   0x000fb6       data     extern C:\MCC18\src\traditional\proc\p18F25K22.asm
                    EEADR   0x000fa9       data     extern C:\MCC18\src\traditional\proc\p18F25K22.asm
                EEADRbits   0x000fa9       data     extern C:\MCC18\src\traditional\proc\p18F25K22.asm
                   EECON1   0x000fa6       data     extern C:\MCC18\src\traditional\proc\p18F25K22.asm
               EECON1bits   0x000fa6       data     extern C:\MCC18\src\traditional\proc\p18F25K22.asm
                   EECON2   0x000fa7       data     extern C:\MCC18\src\traditional\proc\p18F25K22.asm
                   EEDATA   0x000fa8       data     extern C:\MCC18\src\traditional\proc\p18F25K22.asm
                     FSR0   0x000fe9       data     extern C:\MCC18\src\traditional\proc\p18F25K22.asm
                    FSR0H   0x000fea       data     extern C:\MCC18\src\traditional\proc\p18F25K22.asm
                    FSR0L   0x000fe9       data     extern C:\MCC18\src\traditional\proc\p18F25K22.asm
                     FSR1   0x000fe1       data     extern C:\MCC18\src\traditional\proc\p18F25K22.asm
                    FSR1H   0x000fe2       data     extern C:\MCC18\src\traditional\proc\p18F25K22.asm
                    FSR1L   0x000fe1       data     extern C:\MCC18\src\traditional\proc\p18F25K22.asm
                     FSR2   0x000fd9       data     extern C:\MCC18\src\traditional\proc\p18F25K22.asm
                    FSR2H   0x000fda       data     extern C:\MCC18\src\traditional\proc\p18F25K22.asm
                    FSR2L   0x000fd9       data     extern C:\MCC18\src\traditional\proc\p18F25K22.asm
                   FVRCON   0x000f42       data     extern C:\MCC18\src\traditional\proc\p18F25K22.asm
               FVRCONbits   0x000f42       data     extern C:\MCC18\src\traditional\proc\p18F25K22.asm
                  HLVDCON   0x000f9c       data     extern C:\MCC18\src\traditional\proc\p18F25K22.asm
              HLVDCONbits   0x000f9c       data     extern C:\MCC18\src\traditional\proc\p18F25K22.asm
                    INDF0   0x000fef       data     extern C:\MCC18\src\traditional\proc\p18F25K22.asm
                    INDF1   0x000fe7       data     extern C:\MCC18\src\traditional\proc\p18F25K22.asm
                    INDF2   0x000fdf       data     extern C:\MCC18\src\traditional\proc\p18F25K22.asm
                   INTCON   0x000ff2       data     extern C:\MCC18\src\traditional\proc\p18F25K22.asm
                  INTCON2   0x000ff1       data     extern C:\MCC18\src\traditional\proc\p18F25K22.asm
              INTCON2bits   0x000ff1       data     extern C:\MCC18\src\traditional\proc\p18F25K22.asm
                  INTCON3   0x000ff0       data     extern C:\MCC18\src\traditional\proc\p18F25K22.asm
              INTCON3bits   0x000ff0       data     extern C:\MCC18\src\traditional\proc\p18F25K22.asm
               INTCONbits   0x000ff2       data     extern C:\MCC18\src\traditional\proc\p18F25K22.asm
                     IOCB   0x000f62       data     extern C:\MCC18\src\traditional\proc\p18F25K22.asm
                 IOCBbits   0x000f62       data     extern C:\MCC18\src\traditional\proc\p18F25K22.asm
                     IPR1   0x000f9f       data     extern C:\MCC18\src\traditional\proc\p18F25K22.asm
                 IPR1bits   0x000f9f       data     extern C:\MCC18\src\traditional\proc\p18F25K22.asm
                     IPR2   0x000fa2       data     extern C:\MCC18\src\traditional\proc\p18F25K22.asm
                 IPR2bits   0x000fa2       data     extern C:\MCC18\src\traditional\proc\p18F25K22.asm
                     IPR3   0x000fa5       data     extern C:\MCC18\src\traditional\proc\p18F25K22.asm
                 IPR3bits   0x000fa5       data     extern C:\MCC18\src\traditional\proc\p18F25K22.asm
                     IPR4   0x000f7c       data     extern C:\MCC18\src\traditional\proc\p18F25K22.asm
                 IPR4bits   0x000f7c       data     extern C:\MCC18\src\traditional\proc\p18F25K22.asm
                     IPR5   0x000f7f       data     extern C:\MCC18\src\traditional\proc\p18F25K22.asm
                 IPR5bits   0x000f7f       data     extern C:\MCC18\src\traditional\proc\p18F25K22.asm
                     LATA   0x000f89       data     extern C:\MCC18\src\traditional\proc\p18F25K22.asm
                 LATAbits   0x000f89       data     extern C:\MCC18\src\traditional\proc\p18F25K22.asm
                     LATB   0x000f8a       data     extern C:\MCC18\src\traditional\proc\p18F25K22.asm
                 LATBbits   0x000f8a       data     extern C:\MCC18\src\traditional\proc\p18F25K22.asm
                     LATC   0x000f8b       data     extern C:\MCC18\src\traditional\proc\p18F25K22.asm
                 LATCbits   0x000f8b       data     extern C:\MCC18\src\traditional\proc\p18F25K22.asm
                   LVDCON   0x000f9c       data     extern C:\MCC18\src\traditional\proc\p18F25K22.asm
               LVDCONbits   0x000f9c       data     extern C:\MCC18\src\traditional\proc\p18F25K22.asm
                   OSCCON   0x000fd3       data     extern C:\MCC18\src\traditional\proc\p18F25K22.asm
                  OSCCON2   0x000fd2       data     extern C:\MCC18\src\traditional\proc\p18F25K22.asm
              OSCCON2bits   0x000fd2       data     extern C:\MCC18\src\traditional\proc\p18F25K22.asm
               OSCCONbits   0x000fd3       data     extern C:\MCC18\src\traditional\proc\p18F25K22.asm
                  OSCTUNE   0x000f9b       data     extern C:\MCC18\src\traditional\proc\p18F25K22.asm
              OSCTUNEbits   0x000f9b       data     extern C:\MCC18\src\traditional\proc\p18F25K22.asm
                       PC   0x000ff9       data     extern C:\MCC18\src\traditional\proc\p18F25K22.asm
                      PCL   0x000ff9       data     extern C:\MCC18\src\traditional\proc\p18F25K22.asm
                   PCLATH   0x000ffa       data     extern C:\MCC18\src\traditional\proc\p18F25K22.asm
                   PCLATU   0x000ffb       data     extern C:\MCC18\src\traditional\proc\p18F25K22.asm
                     PIE1   0x000f9d       data     extern C:\MCC18\src\traditional\proc\p18F25K22.asm
                 PIE1bits   0x000f9d       data     extern C:\MCC18\src\traditional\proc\p18F25K22.asm
                     PIE2   0x000fa0       data     extern C:\MCC18\src\traditional\proc\p18F25K22.asm
                 PIE2bits   0x000fa0       data     extern C:\MCC18\src\traditional\proc\p18F25K22.asm
                     PIE3   0x000fa3       data     extern C:\MCC18\src\traditional\proc\p18F25K22.asm
                 PIE3bits   0x000fa3       data     extern C:\MCC18\src\traditional\proc\p18F25K22.asm
                     PIE4   0x000f7a       data     extern C:\MCC18\src\traditional\proc\p18F25K22.asm
                 PIE4bits   0x000f7a       data     extern C:\MCC18\src\traditional\proc\p18F25K22.asm
                     PIE5   0x000f7d       data     extern C:\MCC18\src\traditional\proc\p18F25K22.asm
                 PIE5bits   0x000f7d       data     extern C:\MCC18\src\traditional\proc\p18F25K22.asm
                     PIR1   0x000f9e       data     extern C:\MCC18\src\traditional\proc\p18F25K22.asm
                 PIR1bits   0x000f9e       data     extern C:\MCC18\src\traditional\proc\p18F25K22.asm
                     PIR2   0x000fa1       data     extern C:\MCC18\src\traditional\proc\p18F25K22.asm
                 PIR2bits   0x000fa1       data     extern C:\MCC18\src\traditional\proc\p18F25K22.asm
                     PIR3   0x000fa4       data     extern C:\MCC18\src\traditional\proc\p18F25K22.asm
                 PIR3bits   0x000fa4       data     extern C:\MCC18\src\traditional\proc\p18F25K22.asm
                     PIR4   0x000f7b       data     extern C:\MCC18\src\traditional\proc\p18F25K22.asm
                 PIR4bits   0x000f7b       data     extern C:\MCC18\src\traditional\proc\p18F25K22.asm
                     PIR5   0x000f7e       data     extern C:\MCC18\src\traditional\proc\p18F25K22.asm
                 PIR5bits   0x000f7e       data     extern C:\MCC18\src\traditional\proc\p18F25K22.asm
                   PLUSW0   0x000feb       data     extern C:\MCC18\src\traditional\proc\p18F25K22.asm
                   PLUSW1   0x000fe3       data     extern C:\MCC18\src\traditional\proc\p18F25K22.asm
                   PLUSW2   0x000fdb       data     extern C:\MCC18\src\traditional\proc\p18F25K22.asm
                     PMD0   0x000f3f       data     extern C:\MCC18\src\traditional\proc\p18F25K22.asm
                 PMD0bits   0x000f3f       data     extern C:\MCC18\src\traditional\proc\p18F25K22.asm
                     PMD1   0x000f3e       data     extern C:\MCC18\src\traditional\proc\p18F25K22.asm
                 PMD1bits   0x000f3e       data     extern C:\MCC18\src\traditional\proc\p18F25K22.asm
                     PMD2   0x000f3d       data     extern C:\MCC18\src\traditional\proc\p18F25K22.asm
                 PMD2bits   0x000f3d       data     extern C:\MCC18\src\traditional\proc\p18F25K22.asm
                    PORTA   0x000f80       data     extern C:\MCC18\src\traditional\proc\p18F25K22.asm
                PORTAbits   0x000f80       data     extern C:\MCC18\src\traditional\proc\p18F25K22.asm
                    PORTB   0x000f81       data     extern C:\MCC18\src\traditional\proc\p18F25K22.asm
                PORTBbits   0x000f81       data     extern C:\MCC18\src\traditional\proc\p18F25K22.asm
                    PORTC   0x000f82       data     extern C:\MCC18\src\traditional\proc\p18F25K22.asm
                PORTCbits   0x000f82       data     extern C:\MCC18\src\traditional\proc\p18F25K22.asm
                    PORTE   0x000f84       data     extern C:\MCC18\src\traditional\proc\p18F25K22.asm
                PORTEbits   0x000f84       data     extern C:\MCC18\src\traditional\proc\p18F25K22.asm
                 POSTDEC0   0x000fed       data     extern C:\MCC18\src\traditional\proc\p18F25K22.asm
                 POSTDEC1   0x000fe5       data     extern C:\MCC18\src\traditional\proc\p18F25K22.asm
                 POSTDEC2   0x000fdd       data     extern C:\MCC18\src\traditional\proc\p18F25K22.asm
                 POSTINC0   0x000fee       data     extern C:\MCC18\src\traditional\proc\p18F25K22.asm
                 POSTINC1   0x000fe6       data     extern C:\MCC18\src\traditional\proc\p18F25K22.asm
                 POSTINC2   0x000fde       data     extern C:\MCC18\src\traditional\proc\p18F25K22.asm
                      PR2   0x000fbb       data     extern C:\MCC18\src\traditional\proc\p18F25K22.asm
                      PR4   0x000f52       data     extern C:\MCC18\src\traditional\proc\p18F25K22.asm
                      PR6   0x000f4b       data     extern C:\MCC18\src\traditional\proc\p18F25K22.asm
                  PREINC0   0x000fec       data     extern C:\MCC18\src\traditional\proc\p18F25K22.asm
                  PREINC1   0x000fe4       data     extern C:\MCC18\src\traditional\proc\p18F25K22.asm
                  PREINC2   0x000fdc       data     extern C:\MCC18\src\traditional\proc\p18F25K22.asm
                     PROD   0x000ff3       data     extern C:\MCC18\src\traditional\proc\p18F25K22.asm
                    PRODH   0x000ff4       data     extern C:\MCC18\src\traditional\proc\p18F25K22.asm
                    PRODL   0x000ff3       data     extern C:\MCC18\src\traditional\proc\p18F25K22.asm
                 PSTR1CON   0x000fb9       data     extern C:\MCC18\src\traditional\proc\p18F25K22.asm
             PSTR1CONbits   0x000fb9       data     extern C:\MCC18\src\traditional\proc\p18F25K22.asm
                 PSTR2CON   0x000f63       data     extern C:\MCC18\src\traditional\proc\p18F25K22.asm
             PSTR2CONbits   0x000f63       data     extern C:\MCC18\src\traditional\proc\p18F25K22.asm
                 PSTR3CON   0x000f5a       data     extern C:\MCC18\src\traditional\proc\p18F25K22.asm
             PSTR3CONbits   0x000f5a       data     extern C:\MCC18\src\traditional\proc\p18F25K22.asm
                  PSTRCON   0x000fb9       data     extern C:\MCC18\src\traditional\proc\p18F25K22.asm
              PSTRCONbits   0x000fb9       data     extern C:\MCC18\src\traditional\proc\p18F25K22.asm
                  PWM1CON   0x000fb7       data     extern C:\MCC18\src\traditional\proc\p18F25K22.asm
              PWM1CONbits   0x000fb7       data     extern C:\MCC18\src\traditional\proc\p18F25K22.asm
                  PWM2CON   0x000f65       data     extern C:\MCC18\src\traditional\proc\p18F25K22.asm
              PWM2CONbits   0x000f65       data     extern C:\MCC18\src\traditional\proc\p18F25K22.asm
                  PWM3CON   0x000f5c       data     extern C:\MCC18\src\traditional\proc\p18F25K22.asm
              PWM3CONbits   0x000f5c       data     extern C:\MCC18\src\traditional\proc\p18F25K22.asm
                   PWMCON   0x000fb7       data     extern C:\MCC18\src\traditional\proc\p18F25K22.asm
               PWMCONbits   0x000fb7       data     extern C:\MCC18\src\traditional\proc\p18F25K22.asm
                   RC1REG   0x000fae       data     extern C:\MCC18\src\traditional\proc\p18F25K22.asm
               RC1REGbits   0x000fae       data     extern C:\MCC18\src\traditional\proc\p18F25K22.asm
                   RC1STA   0x000fab       data     extern C:\MCC18\src\traditional\proc\p18F25K22.asm
               RC1STAbits   0x000fab       data     extern C:\MCC18\src\traditional\proc\p18F25K22.asm
                   RC2REG   0x000f74       data     extern C:\MCC18\src\traditional\proc\p18F25K22.asm
                   RC2STA   0x000f71       data     extern C:\MCC18\src\traditional\proc\p18F25K22.asm
               RC2STAbits   0x000f71       data     extern C:\MCC18\src\traditional\proc\p18F25K22.asm
                     RCON   0x000fd0       data     extern C:\MCC18\src\traditional\proc\p18F25K22.asm
                 RCONbits   0x000fd0       data     extern C:\MCC18\src\traditional\proc\p18F25K22.asm
                    RCREG   0x000fae       data     extern C:\MCC18\src\traditional\proc\p18F25K22.asm
                   RCREG1   0x000fae       data     extern C:\MCC18\src\traditional\proc\p18F25K22.asm
               RCREG1bits   0x000fae       data     extern C:\MCC18\src\traditional\proc\p18F25K22.asm
                   RCREG2   0x000f74       data     extern C:\MCC18\src\traditional\proc\p18F25K22.asm
                RCREGbits   0x000fae       data     extern C:\MCC18\src\traditional\proc\p18F25K22.asm
                    RCSTA   0x000fab       data     extern C:\MCC18\src\traditional\proc\p18F25K22.asm
                   RCSTA1   0x000fab       data     extern C:\MCC18\src\traditional\proc\p18F25K22.asm
               RCSTA1bits   0x000fab       data     extern C:\MCC18\src\traditional\proc\p18F25K22.asm
                   RCSTA2   0x000f71       data     extern C:\MCC18\src\traditional\proc\p18F25K22.asm
               RCSTA2bits   0x000f71       data     extern C:\MCC18\src\traditional\proc\p18F25K22.asm
                RCSTAbits   0x000fab       data     extern C:\MCC18\src\traditional\proc\p18F25K22.asm
                     SIGN   0x000000       data     extern C:\MCC18\src\traditional\math\cmath18.asm
                   SLRCON   0x000f60       data     extern C:\MCC18\src\traditional\proc\p18F25K22.asm
               SLRCONbits   0x000f60       data     extern C:\MCC18\src\traditional\proc\p18F25K22.asm
                   SP1BRG   0x000faf       data     extern C:\MCC18\src\traditional\proc\p18F25K22.asm
                  SP1BRGH   0x000fb0       data     extern C:\MCC18\src\traditional\proc\p18F25K22.asm
              SP1BRGHbits   0x000fb0       data     extern C:\MCC18\src\traditional\proc\p18F25K22.asm
               SP1BRGbits   0x000faf       data     extern C:\MCC18\src\traditional\proc\p18F25K22.asm
                   SP2BRG   0x000f75       data     extern C:\MCC18\src\traditional\proc\p18F25K22.asm
                  SP2BRGH   0x000f76       data     extern C:\MCC18\src\traditional\proc\p18F25K22.asm
                    SPBRG   0x000faf       data     extern C:\MCC18\src\traditional\proc\p18F25K22.asm
                   SPBRG1   0x000faf       data     extern C:\MCC18\src\traditional\proc\p18F25K22.asm
               SPBRG1bits   0x000faf       data     extern C:\MCC18\src\traditional\proc\p18F25K22.asm
                   SPBRG2   0x000f75       data     extern C:\MCC18\src\traditional\proc\p18F25K22.asm
                   SPBRGH   0x000fb0       data     extern C:\MCC18\src\traditional\proc\p18F25K22.asm
                  SPBRGH1   0x000fb0       data     extern C:\MCC18\src\traditional\proc\p18F25K22.asm
              SPBRGH1bits   0x000fb0       data     extern C:\MCC18\src\traditional\proc\p18F25K22.asm
                  SPBRGH2   0x000f76       data     extern C:\MCC18\src\traditional\proc\p18F25K22.asm
               SPBRGHbits   0x000fb0       data     extern C:\MCC18\src\traditional\proc\p18F25K22.asm
                SPBRGbits   0x000faf       data     extern C:\MCC18\src\traditional\proc\p18F25K22.asm
                   SRCON0   0x000f47       data     extern C:\MCC18\src\traditional\proc\p18F25K22.asm
               SRCON0bits   0x000f47       data     extern C:\MCC18\src\traditional\proc\p18F25K22.asm
                   SRCON1   0x000f46       data     extern C:\MCC18\src\traditional\proc\p18F25K22.asm
               SRCON1bits   0x000f46       data     extern C:\MCC18\src\traditional\proc\p18F25K22.asm
                  SSP1ADD   0x000fc8       data     extern C:\MCC18\src\traditional\proc\p18F25K22.asm
              SSP1ADDbits   0x000fc8       data     extern C:\MCC18\src\traditional\proc\p18F25K22.asm
                  SSP1BUF   0x000fc9       data     extern C:\MCC18\src\traditional\proc\p18F25K22.asm
              SSP1BUFbits   0x000fc9       data     extern C:\MCC18\src\traditional\proc\p18F25K22.asm
                 SSP1CON1   0x000fc6       data     extern C:\MCC18\src\traditional\proc\p18F25K22.asm
             SSP1CON1bits   0x000fc6       data     extern C:\MCC18\src\traditional\proc\p18F25K22.asm
                 SSP1CON2   0x000fc5       data     extern C:\MCC18\src\traditional\proc\p18F25K22.asm
             SSP1CON2bits   0x000fc5       data     extern C:\MCC18\src\traditional\proc\p18F25K22.asm
                 SSP1CON3   0x000fcb       data     extern C:\MCC18\src\traditional\proc\p18F25K22.asm
             SSP1CON3bits   0x000fcb       data     extern C:\MCC18\src\traditional\proc\p18F25K22.asm
                  SSP1MSK   0x000fca       data     extern C:\MCC18\src\traditional\proc\p18F25K22.asm
              SSP1MSKbits   0x000fca       data     extern C:\MCC18\src\traditional\proc\p18F25K22.asm
                 SSP1STAT   0x000fc7       data     extern C:\MCC18\src\traditional\proc\p18F25K22.asm
             SSP1STATbits   0x000fc7       data     extern C:\MCC18\src\traditional\proc\p18F25K22.asm
                  SSP2ADD   0x000f6e       data     extern C:\MCC18\src\traditional\proc\p18F25K22.asm
                  SSP2BUF   0x000f6f       data     extern C:\MCC18\src\traditional\proc\p18F25K22.asm
                 SSP2CON1   0x000f6c       data     extern C:\MCC18\src\traditional\proc\p18F25K22.asm
             SSP2CON1bits   0x000f6c       data     extern C:\MCC18\src\traditional\proc\p18F25K22.asm
                 SSP2CON2   0x000f6b       data     extern C:\MCC18\src\traditional\proc\p18F25K22.asm
             SSP2CON2bits   0x000f6b       data     extern C:\MCC18\src\traditional\proc\p18F25K22.asm
                 SSP2CON3   0x000f69       data     extern C:\MCC18\src\traditional\proc\p18F25K22.asm
             SSP2CON3bits   0x000f69       data     extern C:\MCC18\src\traditional\proc\p18F25K22.asm
                  SSP2MSK   0x000f6a       data     extern C:\MCC18\src\traditional\proc\p18F25K22.asm
              SSP2MSKbits   0x000f6a       data     extern C:\MCC18\src\traditional\proc\p18F25K22.asm
                 SSP2STAT   0x000f6d       data     extern C:\MCC18\src\traditional\proc\p18F25K22.asm
             SSP2STATbits   0x000f6d       data     extern C:\MCC18\src\traditional\proc\p18F25K22.asm
                   SSPADD   0x000fc8       data     extern C:\MCC18\src\traditional\proc\p18F25K22.asm
               SSPADDbits   0x000fc8       data     extern C:\MCC18\src\traditional\proc\p18F25K22.asm
                   SSPBUF   0x000fc9       data     extern C:\MCC18\src\traditional\proc\p18F25K22.asm
               SSPBUFbits   0x000fc9       data     extern C:\MCC18\src\traditional\proc\p18F25K22.asm
                  SSPCON1   0x000fc6       data     extern C:\MCC18\src\traditional\proc\p18F25K22.asm
              SSPCON1bits   0x000fc6       data     extern C:\MCC18\src\traditional\proc\p18F25K22.asm
                  SSPCON2   0x000fc5       data     extern C:\MCC18\src\traditional\proc\p18F25K22.asm
              SSPCON2bits   0x000fc5       data     extern C:\MCC18\src\traditional\proc\p18F25K22.asm
                  SSPCON3   0x000fcb       data     extern C:\MCC18\src\traditional\proc\p18F25K22.asm
              SSPCON3bits   0x000fcb       data     extern C:\MCC18\src\traditional\proc\p18F25K22.asm
                   SSPMSK   0x000fca       data     extern C:\MCC18\src\traditional\proc\p18F25K22.asm
               SSPMSKbits   0x000fca       data     extern C:\MCC18\src\traditional\proc\p18F25K22.asm
                  SSPSTAT   0x000fc7       data     extern C:\MCC18\src\traditional\proc\p18F25K22.asm
              SSPSTATbits   0x000fc7       data     extern C:\MCC18\src\traditional\proc\p18F25K22.asm
                   STATUS   0x000fd8       data     extern C:\MCC18\src\traditional\proc\p18F25K22.asm
               STATUSbits   0x000fd8       data     extern C:\MCC18\src\traditional\proc\p18F25K22.asm
                   STKPTR   0x000ffc       data     extern C:\MCC18\src\traditional\proc\p18F25K22.asm
               STKPTRbits   0x000ffc       data     extern C:\MCC18\src\traditional\proc\p18F25K22.asm
                    T0CON   0x000fd5       data     extern C:\MCC18\src\traditional\proc\p18F25K22.asm
                T0CONbits   0x000fd5       data     extern C:\MCC18\src\traditional\proc\p18F25K22.asm
                    T1CON   0x000fcd       data     extern C:\MCC18\src\traditional\proc\p18F25K22.asm
                T1CONbits   0x000fcd       data     extern C:\MCC18\src\traditional\proc\p18F25K22.asm
                   T1GCON   0x000fcc       data     extern C:\MCC18\src\traditional\proc\p18F25K22.asm
               T1GCONbits   0x000fcc       data     extern C:\MCC18\src\traditional\proc\p18F25K22.asm
                    T2CON   0x000fba       data     extern C:\MCC18\src\traditional\proc\p18F25K22.asm
                T2CONbits   0x000fba       data     extern C:\MCC18\src\traditional\proc\p18F25K22.asm
                    T3CON   0x000fb1       data     extern C:\MCC18\src\traditional\proc\p18F25K22.asm
                T3CONbits   0x000fb1       data     extern C:\MCC18\src\traditional\proc\p18F25K22.asm
                   T3GCON   0x000fb4       data     extern C:\MCC18\src\traditional\proc\p18F25K22.asm
               T3GCONbits   0x000fb4       data     extern C:\MCC18\src\traditional\proc\p18F25K22.asm
                    T4CON   0x000f51       data     extern C:\MCC18\src\traditional\proc\p18F25K22.asm
                T4CONbits   0x000f51       data     extern C:\MCC18\src\traditional\proc\p18F25K22.asm
                    T5CON   0x000f4e       data     extern C:\MCC18\src\traditional\proc\p18F25K22.asm
                T5CONbits   0x000f4e       data     extern C:\MCC18\src\traditional\proc\p18F25K22.asm
                   T5GCON   0x000f4d       data     extern C:\MCC18\src\traditional\proc\p18F25K22.asm
               T5GCONbits   0x000f4d       data     extern C:\MCC18\src\traditional\proc\p18F25K22.asm
                    T6CON   0x000f4a       data     extern C:\MCC18\src\traditional\proc\p18F25K22.asm
                T6CONbits   0x000f4a       data     extern C:\MCC18\src\traditional\proc\p18F25K22.asm
                   TABLAT   0x000ff5       data     extern C:\MCC18\src\traditional\proc\p18F25K22.asm
                   TBLPTR   0x000ff6       data     extern C:\MCC18\src\traditional\proc\p18F25K22.asm
                  TBLPTRH   0x000ff7       data     extern C:\MCC18\src\traditional\proc\p18F25K22.asm
                  TBLPTRL   0x000ff6       data     extern C:\MCC18\src\traditional\proc\p18F25K22.asm
                  TBLPTRU   0x000ff8       data     extern C:\MCC18\src\traditional\proc\p18F25K22.asm
              TBLPTRUbits   0x000ff8       data     extern C:\MCC18\src\traditional\proc\p18F25K22.asm
                    TMR0H   0x000fd7       data     extern C:\MCC18\src\traditional\proc\p18F25K22.asm
                    TMR0L   0x000fd6       data     extern C:\MCC18\src\traditional\proc\p18F25K22.asm
                    TMR1H   0x000fcf       data     extern C:\MCC18\src\traditional\proc\p18F25K22.asm
                    TMR1L   0x000fce       data     extern C:\MCC18\src\traditional\proc\p18F25K22.asm
                     TMR2   0x000fbc       data     extern C:\MCC18\src\traditional\proc\p18F25K22.asm
                    TMR3H   0x000fb3       data     extern C:\MCC18\src\traditional\proc\p18F25K22.asm
                    TMR3L   0x000fb2       data     extern C:\MCC18\src\traditional\proc\p18F25K22.asm
                     TMR4   0x000f53       data     extern C:\MCC18\src\traditional\proc\p18F25K22.asm
                     TMR5   0x000f4f       data     extern C:\MCC18\src\traditional\proc\p18F25K22.asm
                    TMR5H   0x000f50       data     extern C:\MCC18\src\traditional\proc\p18F25K22.asm
                    TMR5L   0x000f4f       data     extern C:\MCC18\src\traditional\proc\p18F25K22.asm
                     TMR6   0x000f4c       data     extern C:\MCC18\src\traditional\proc\p18F25K22.asm
                      TOS   0x000ffd       data     extern C:\MCC18\src\traditional\proc\p18F25K22.asm
                     TOSH   0x000ffe       data     extern C:\MCC18\src\traditional\proc\p18F25K22.asm
                     TOSL   0x000ffd       data     extern C:\MCC18\src\traditional\proc\p18F25K22.asm
                     TOSU   0x000fff       data     extern C:\MCC18\src\traditional\proc\p18F25K22.asm
                    TRISA   0x000f92       data     extern C:\MCC18\src\traditional\proc\p18F25K22.asm
                TRISAbits   0x000f92       data     extern C:\MCC18\src\traditional\proc\p18F25K22.asm
                    TRISB   0x000f93       data     extern C:\MCC18\src\traditional\proc\p18F25K22.asm
                TRISBbits   0x000f93       data     extern C:\MCC18\src\traditional\proc\p18F25K22.asm
                    TRISC   0x000f94       data     extern C:\MCC18\src\traditional\proc\p18F25K22.asm
                TRISCbits   0x000f94       data     extern C:\MCC18\src\traditional\proc\p18F25K22.asm
                    TRISE   0x000f96       data     extern C:\MCC18\src\traditional\proc\p18F25K22.asm
                TRISEbits   0x000f96       data     extern C:\MCC18\src\traditional\proc\p18F25K22.asm
                   TX1REG   0x000fad       data     extern C:\MCC18\src\traditional\proc\p18F25K22.asm
               TX1REGbits   0x000fad       data     extern C:\MCC18\src\traditional\proc\p18F25K22.asm
                   TX1STA   0x000fac       data     extern C:\MCC18\src\traditional\proc\p18F25K22.asm
               TX1STAbits   0x000fac       data     extern C:\MCC18\src\traditional\proc\p18F25K22.asm
                   TX2REG   0x000f73       data     extern C:\MCC18\src\traditional\proc\p18F25K22.asm
                   TX2STA   0x000f72       data     extern C:\MCC18\src\traditional\proc\p18F25K22.asm
               TX2STAbits   0x000f72       data     extern C:\MCC18\src\traditional\proc\p18F25K22.asm
                    TXREG   0x000fad       data     extern C:\MCC18\src\traditional\proc\p18F25K22.asm
                   TXREG1   0x000fad       data     extern C:\MCC18\src\traditional\proc\p18F25K22.asm
               TXREG1bits   0x000fad       data     extern C:\MCC18\src\traditional\proc\p18F25K22.asm
                   TXREG2   0x000f73       data     extern C:\MCC18\src\traditional\proc\p18F25K22.asm
                TXREGbits   0x000fad       data     extern C:\MCC18\src\traditional\proc\p18F25K22.asm
                    TXSTA   0x000fac       data     extern C:\MCC18\src\traditional\proc\p18F25K22.asm
                   TXSTA1   0x000fac       data     extern C:\MCC18\src\traditional\proc\p18F25K22.asm
               TXSTA1bits   0x000fac       data     extern C:\MCC18\src\traditional\proc\p18F25K22.asm
                   TXSTA2   0x000f72       data     extern C:\MCC18\src\traditional\proc\p18F25K22.asm
               TXSTA2bits   0x000f72       data     extern C:\MCC18\src\traditional\proc\p18F25K22.asm
                TXSTAbits   0x000fac       data     extern C:\MCC18\src\traditional\proc\p18F25K22.asm
                 VREFCON0   0x000f42       data     extern C:\MCC18\src\traditional\proc\p18F25K22.asm
             VREFCON0bits   0x000f42       data     extern C:\MCC18\src\traditional\proc\p18F25K22.asm
                 VREFCON1   0x000f41       data     extern C:\MCC18\src\traditional\proc\p18F25K22.asm
             VREFCON1bits   0x000f41       data     extern C:\MCC18\src\traditional\proc\p18F25K22.asm
                 VREFCON2   0x000f40       data     extern C:\MCC18\src\traditional\proc\p18F25K22.asm
             VREFCON2bits   0x000f40       data     extern C:\MCC18\src\traditional\proc\p18F25K22.asm
                        W   0x000fe8       data     extern C:\MCC18\src\traditional\proc\p18F25K22.asm
                   WDTCON   0x000fd1       data     extern C:\MCC18\src\traditional\proc\p18F25K22.asm
               WDTCONbits   0x000fd1       data     extern C:\MCC18\src\traditional\proc\p18F25K22.asm
                     WPUB   0x000f61       data     extern C:\MCC18\src\traditional\proc\p18F25K22.asm
                 WPUBbits   0x000f61       data     extern C:\MCC18\src\traditional\proc\p18F25K22.asm
                     WREG   0x000fe8       data     extern C:\MCC18\src\traditional\proc\p18F25K22.asm
                 __AARGB0   0x000009       data     extern C:\MCC18\src\traditional\math\aarg.asm
                 __AARGB1   0x000008       data     extern C:\MCC18\src\traditional\math\aarg.asm
                 __AARGB2   0x000007       data     extern C:\MCC18\src\traditional\math\aarg.asm
                 __AARGB3   0x000006       data     extern C:\MCC18\src\traditional\math\aarg.asm
                 __AARGB4   0x000005       data     extern C:\MCC18\src\traditional\math\aarg.asm
                 __AARGB5   0x000004       data     extern C:\MCC18\src\traditional\math\aarg.asm
                 __AARGB6   0x000003       data     extern C:\MCC18\src\traditional\math\aarg.asm
                 __AARGB7   0x000002       data     extern C:\MCC18\src\traditional\math\aarg.asm
                   __AEXP   0x00000a       data     extern C:\MCC18\src\traditional\math\aarg.asm
                 __BARGB0   0x00000e       data     extern C:\MCC18\src\traditional\math\barg.asm
                 __BARGB1   0x00000d       data     extern C:\MCC18\src\traditional\math\barg.asm
                 __BARGB2   0x00000c       data     extern C:\MCC18\src\traditional\math\barg.asm
                 __BARGB3   0x00000b       data     extern C:\MCC18\src\traditional\math\barg.asm
                   __BEXP   0x00000f       data     extern C:\MCC18\src\traditional\math\barg.asm
                __FPFLAGS   0x000001       data     extern C:\MCC18\src\traditional\math\cmath18.asm
            __FPFLAGSbits   0x000001       data     extern C:\MCC18\src\traditional\math\cmath18.asm
                  __REMB0   0x000005       data     extern C:\MCC18\src\traditional\math\aarg.asm
                  __REMB1   0x000004       data     extern C:\MCC18\src\traditional\math\aarg.asm
                  __REMB2   0x000003       data     extern C:\MCC18\src\traditional\math\aarg.asm
                  __REMB3   0x000002       data     extern C:\MCC18\src\traditional\math\aarg.asm
                   __TEMP   0x000013       data     extern C:\MCC18\src\traditional\math\temparg.asm
                 __TEMPB0   0x000013       data     extern C:\MCC18\src\traditional\math\temparg.asm
                 __TEMPB1   0x000012       data     extern C:\MCC18\src\traditional\math\temparg.asm
                 __TEMPB2   0x000011       data     extern C:\MCC18\src\traditional\math\temparg.asm
                 __TEMPB3   0x000010       data     extern C:\MCC18\src\traditional\math\temparg.asm
                  __tmp_0   0x000014       data     static C:\MCC18\src\traditional\stdclib\printf.c
                  __tmp_0   0x000014       data     static C:\MCC18\src\traditional\stdclib\sprintf.c
                  __tmp_0   0x000014       data     static C:\MCC18\src\traditional\stdclib\vfprintf.c
                  __tmp_0   0x000014       data     static C:\MCC18\src\traditional\stdclib\putc.c
                  __tmp_0   0x000014       data     static O:\EE478\MPLab\MPLabProjects\mpLabProj4\main.c
                curr_byte   0x000063       data     static C:\MCC18\src\traditional\startup\c018i.c
               curr_entry   0x000065       data     static C:\MCC18\src\traditional\startup\c018i.c
                 data_ptr   0x000067       data     static C:\MCC18\src\traditional\startup\c018i.c
                     prom   0x000060       data     static C:\MCC18\src\traditional\startup\c018i.c
                   stdout   0x00006a       data     extern C:\MCC18\src\traditional\stdclib\stdout.c



                              Symbols - Sorted by Address
                     Name    Address   Location    Storage File                     
                ---------  ---------  ---------  --------- ---------                
                   _entry   0x000000    program     extern C:\MCC18\src\traditional\startup\c018i.c
       ___return_lbl00000   0x000004    program     static                          
            s_put_n_chars   0x000014    program     static C:\MCC18\src\traditional\stdclib\vfprintf.c
                 vfprintf   0x000040    program     extern C:\MCC18\src\traditional\stdclib\vfprintf.c
              __tmplbl_85   0x00006a    program     static                          
              __tmplbl_44   0x000918    program     static                          
              __tmplbl_43   0x000932    program     static                          
                   __pa_0   0x000954    program     static C:\MCC18\src\traditional\stdclib\vfprintf.c
                   __pa_1   0x00095c    program     static C:\MCC18\src\traditional\stdclib\vfprintf.c
                   __pa_2   0x000966    program     static C:\MCC18\src\traditional\stdclib\vfprintf.c
                   __pa_3   0x000970    program     static C:\MCC18\src\traditional\stdclib\vfprintf.c
                   __pa_4   0x000988    program     static C:\MCC18\src\traditional\stdclib\vfprintf.c
                   __pa_5   0x00099c    program     static C:\MCC18\src\traditional\stdclib\vfprintf.c
                   __pa_6   0x0009b8    program     static C:\MCC18\src\traditional\stdclib\vfprintf.c
                   __pa_7   0x0009c2    program     static C:\MCC18\src\traditional\stdclib\vfprintf.c
                   __pa_8   0x0009ce    program     static C:\MCC18\src\traditional\stdclib\vfprintf.c
                   __pa_9   0x0009f0    program     static C:\MCC18\src\traditional\stdclib\vfprintf.c
                  __pa_10   0x000a10    program     static C:\MCC18\src\traditional\stdclib\vfprintf.c
                  __pa_11   0x000a1e    program     static C:\MCC18\src\traditional\stdclib\vfprintf.c
                  __pa_12   0x000a34    program     static C:\MCC18\src\traditional\stdclib\vfprintf.c
                  __pa_13   0x000a4e    program     static C:\MCC18\src\traditional\stdclib\vfprintf.c
                  __pa_14   0x000a66    program     static C:\MCC18\src\traditional\stdclib\vfprintf.c
                  __pa_15   0x000a76    program     static C:\MCC18\src\traditional\stdclib\vfprintf.c
                  __pa_16   0x000a8c    program     static C:\MCC18\src\traditional\stdclib\vfprintf.c
                  __pa_17   0x000a9e    program     static C:\MCC18\src\traditional\stdclib\vfprintf.c
                  __pa_18   0x000ab0    program     static C:\MCC18\src\traditional\stdclib\vfprintf.c
                  __pa_19   0x000aba    program     static C:\MCC18\src\traditional\stdclib\vfprintf.c
                  __pa_20   0x000aca    program     static C:\MCC18\src\traditional\stdclib\vfprintf.c
                  __pa_21   0x000ada    program     static C:\MCC18\src\traditional\stdclib\vfprintf.c
              __tmplbl_42   0x000aea    program     static                          
                  __pa_22   0x000aea    program     static C:\MCC18\src\traditional\stdclib\vfprintf.c
                  __pa_23   0x000af6    program     static C:\MCC18\src\traditional\stdclib\vfprintf.c
                  __pa_24   0x000b04    program     static C:\MCC18\src\traditional\stdclib\vfprintf.c
                  __pa_25   0x000b0c    program     static C:\MCC18\src\traditional\stdclib\vfprintf.c
                  __pa_26   0x000b16    program     static C:\MCC18\src\traditional\stdclib\vfprintf.c
                  __pa_27   0x000b20    program     static C:\MCC18\src\traditional\stdclib\vfprintf.c
                  __pa_28   0x000b28    program     static C:\MCC18\src\traditional\stdclib\vfprintf.c
                  __pa_29   0x000b36    program     static C:\MCC18\src\traditional\stdclib\vfprintf.c
                  __pa_30   0x000b52    program     static C:\MCC18\src\traditional\stdclib\vfprintf.c
                  __pa_31   0x000b6c    program     static C:\MCC18\src\traditional\stdclib\vfprintf.c
                  __pa_32   0x000b86    program     static C:\MCC18\src\traditional\stdclib\vfprintf.c
                  __pa_33   0x000b9e    program     static C:\MCC18\src\traditional\stdclib\vfprintf.c
                  __pa_34   0x000ba8    program     static C:\MCC18\src\traditional\stdclib\vfprintf.c
                  __pa_35   0x000bb6    program     static C:\MCC18\src\traditional\stdclib\vfprintf.c
                  __pa_36   0x000bbe    program     static C:\MCC18\src\traditional\stdclib\vfprintf.c
                  __pa_37   0x000bc8    program     static C:\MCC18\src\traditional\stdclib\vfprintf.c
                  __pa_38   0x000bd8    program     static C:\MCC18\src\traditional\stdclib\vfprintf.c
                  __pa_39   0x000be6    program     static C:\MCC18\src\traditional\stdclib\vfprintf.c
                  __pa_40   0x000bf2    program     static C:\MCC18\src\traditional\stdclib\vfprintf.c
                  __pa_41   0x000bfe    program     static C:\MCC18\src\traditional\stdclib\vfprintf.c
                  __pa_42   0x000c06    program     static C:\MCC18\src\traditional\stdclib\vfprintf.c
                  __pa_43   0x000c10    program     static C:\MCC18\src\traditional\stdclib\vfprintf.c
                  __pa_44   0x000c16    program     static C:\MCC18\src\traditional\stdclib\vfprintf.c
                  __pa_45   0x000c20    program     static C:\MCC18\src\traditional\stdclib\vfprintf.c
                  __pa_46   0x000c2c    program     static C:\MCC18\src\traditional\stdclib\vfprintf.c
                     main   0x000c36    program     extern O:\EE478\MPLab\MPLabProjects\mpLabProj4\main.c
                       f1   0x001046    program     extern O:\EE478\MPLab\MPLabProjects\mpLabProj4\main.c
                  sprintf   0x00107c    program     extern C:\MCC18\src\traditional\stdclib\sprintf.c
                 FXD1616S   0x001128    program     extern C:\MCC18\src\traditional\math\fxd1616s.asm
                  DA1616S   0x00113a    program     static C:\MCC18\src\traditional\math\fxd1616s.asm
                   D1616S   0x00114a    program     static C:\MCC18\src\traditional\math\fxd1616s.asm
                 D1616SOK   0x001154    program     static C:\MCC18\src\traditional\math\fxd1616s.asm
                D1616SNEG   0x001158    program     static C:\MCC18\src\traditional\math\fxd1616s.asm
                  D1616SX   0x00116a    program     static C:\MCC18\src\traditional\math\fxd1616s.asm
                 FXM1616S   0x001174    program     extern C:\MCC18\src\traditional\math\fxm1616s.asm
               TSIGN1616A   0x0011c0    program     static C:\MCC18\src\traditional\math\fxm1616s.asm
                _do_cinit   0x0011ce    program     extern C:\MCC18\src\traditional\startup\c018i.c
                     test   0x0011e8    program     static                          
                copy_loop   0x001240    program     static                          
            copy_one_byte   0x001246    program     static                          
             done_copying   0x001254    program     static                          
                     done   0x00126a    program     static                          
       ___return_lbl00002   0x00126a    program     static                          
                   printf   0x00126c    program     extern C:\MCC18\src\traditional\stdclib\printf.c
                     putc   0x001304    program     extern C:\MCC18\src\traditional\stdclib\putc.c
                  FXM3232   0x001388    program     extern C:\MCC18\src\traditional\math\fxm3232.c
       ___return_lbl00000   0x0013f6    program     static                          
                   strlen   0x0013f8    program     extern C:\MCC18\src\traditional\stdclib\strlen.asm
                    jLoop   0x001408    program     static C:\MCC18\src\traditional\stdclib\strlen.asm
                     jEnd   0x001412    program     static C:\MCC18\src\traditional\stdclib\strlen.asm
                strlenpgm   0x001414    program     extern C:\MCC18\src\traditional\stdclib\slenpgm.asm
                    jLoop   0x001432    program     static C:\MCC18\src\traditional\stdclib\slenpgm.asm
                   _2jEnd   0x001448    program     static C:\MCC18\src\traditional\stdclib\slenpgm.asm
                     jEnd   0x00144a    program     static C:\MCC18\src\traditional\stdclib\slenpgm.asm
               __string_8   0x00145e    program     static O:\EE478\MPLab\MPLabProjects\mpLabProj4\main.c
               __string_7   0x001469    program     static O:\EE478\MPLab\MPLabProjects\mpLabProj4\main.c
               __string_6   0x001474    program     static O:\EE478\MPLab\MPLabProjects\mpLabProj4\main.c
               __string_5   0x00147f    program     static O:\EE478\MPLab\MPLabProjects\mpLabProj4\main.c
               __string_4   0x00148a    program     static O:\EE478\MPLab\MPLabProjects\mpLabProj4\main.c
               __string_3   0x001497    program     static O:\EE478\MPLab\MPLabProjects\mpLabProj4\main.c
               __string_2   0x00149b    program     static O:\EE478\MPLab\MPLabProjects\mpLabProj4\main.c
               __string_1   0x0014aa    program     static O:\EE478\MPLab\MPLabProjects\mpLabProj4\main.c
               __string_0   0x0014b1    program     static O:\EE478\MPLab\MPLabProjects\mpLabProj4\main.c
                 FXD3232U   0x0014be    program     extern C:\MCC18\src\traditional\math\fxd3232u.c
                     loop   0x0014cc    program     static                          
                   _false   0x001500    program     static                          
       ___return_lbl00000   0x001504    program     static                          
                 FXD1616U   0x001506    program     extern C:\MCC18\src\traditional\math\fxd1616u.c
                     loop   0x001510    program     static                          
                  endloop   0x00152c    program     static                          
       ___return_lbl00000   0x001530    program     static                          
                  isdigit   0x001532    program     extern C:\MCC18\src\traditional\stdclib\isdigit.asm
                   jMatch   0x001552    program     static C:\MCC18\src\traditional\stdclib\isdigit.asm
                 jNoMatch   0x001554    program     static C:\MCC18\src\traditional\stdclib\isdigit.asm
            __zero_memory   0x001556    program     extern C:\MCC18\src\traditional\proc\p18F25K22.asm
               zero_block   0x001564    program     static C:\MCC18\src\traditional\proc\p18F25K22.asm
                   loop_h   0x001564    program     static C:\MCC18\src\traditional\proc\p18F25K22.asm
                compare_l   0x00156c    program     static C:\MCC18\src\traditional\proc\p18F25K22.asm
                   loop_l   0x00156e    program     static C:\MCC18\src\traditional\proc\p18F25K22.asm
                 _startup   0x001576    program     extern C:\MCC18\src\traditional\startup\c018i.c
                     loop   0x001586    program     static                          
       ___return_lbl00001   0x001590    program     static                          
              _usart_putc   0x001592    program     extern C:\MCC18\src\pmc_common\USART\_usartpc.asm
                     loop   0x0015a2    program     static C:\MCC18\src\pmc_common\USART\_usartpc.asm
                 s_digits   0x0015ae    program     static C:\MCC18\src\traditional\stdclib\vfprintf.c
               _user_putc   0x0015c0    program     extern C:\MCC18\src\traditional\stdclib\_user_putc.c
                   __init   0x0015c2    program     extern C:\MCC18\src\traditional\stdclib\__init.c
                     SIGN   0x000000       data     extern C:\MCC18\src\traditional\math\cmath18.asm
            __FPFLAGSbits   0x000001       data     extern C:\MCC18\src\traditional\math\cmath18.asm
                __FPFLAGS   0x000001       data     extern C:\MCC18\src\traditional\math\cmath18.asm
                  __REMB3   0x000002       data     extern C:\MCC18\src\traditional\math\aarg.asm
                 __AARGB7   0x000002       data     extern C:\MCC18\src\traditional\math\aarg.asm
                 __AARGB6   0x000003       data     extern C:\MCC18\src\traditional\math\aarg.asm
                  __REMB2   0x000003       data     extern C:\MCC18\src\traditional\math\aarg.asm
                 __AARGB5   0x000004       data     extern C:\MCC18\src\traditional\math\aarg.asm
                  __REMB1   0x000004       data     extern C:\MCC18\src\traditional\math\aarg.asm
                 __AARGB4   0x000005       data     extern C:\MCC18\src\traditional\math\aarg.asm
                  __REMB0   0x000005       data     extern C:\MCC18\src\traditional\math\aarg.asm
                 __AARGB3   0x000006       data     extern C:\MCC18\src\traditional\math\aarg.asm
                 __AARGB2   0x000007       data     extern C:\MCC18\src\traditional\math\aarg.asm
                 __AARGB1   0x000008       data     extern C:\MCC18\src\traditional\math\aarg.asm
                 __AARGB0   0x000009       data     extern C:\MCC18\src\traditional\math\aarg.asm
                   __AEXP   0x00000a       data     extern C:\MCC18\src\traditional\math\aarg.asm
                 __BARGB3   0x00000b       data     extern C:\MCC18\src\traditional\math\barg.asm
                 __BARGB2   0x00000c       data     extern C:\MCC18\src\traditional\math\barg.asm
                 __BARGB1   0x00000d       data     extern C:\MCC18\src\traditional\math\barg.asm
                 __BARGB0   0x00000e       data     extern C:\MCC18\src\traditional\math\barg.asm
                   __BEXP   0x00000f       data     extern C:\MCC18\src\traditional\math\barg.asm
                 __TEMPB3   0x000010       data     extern C:\MCC18\src\traditional\math\temparg.asm
                 __TEMPB2   0x000011       data     extern C:\MCC18\src\traditional\math\temparg.asm
                 __TEMPB1   0x000012       data     extern C:\MCC18\src\traditional\math\temparg.asm
                   __TEMP   0x000013       data     extern C:\MCC18\src\traditional\math\temparg.asm
                 __TEMPB0   0x000013       data     extern C:\MCC18\src\traditional\math\temparg.asm
                  __tmp_0   0x000014       data     static C:\MCC18\src\traditional\stdclib\printf.c
                  __tmp_0   0x000014       data     static O:\EE478\MPLab\MPLabProjects\mpLabProj4\main.c
                  __tmp_0   0x000014       data     static C:\MCC18\src\traditional\stdclib\sprintf.c
                  __tmp_0   0x000014       data     static C:\MCC18\src\traditional\stdclib\putc.c
                  __tmp_0   0x000014       data     static C:\MCC18\src\traditional\stdclib\vfprintf.c
                     prom   0x000060       data     static C:\MCC18\src\traditional\startup\c018i.c
                curr_byte   0x000063       data     static C:\MCC18\src\traditional\startup\c018i.c
               curr_entry   0x000065       data     static C:\MCC18\src\traditional\startup\c018i.c
                 data_ptr   0x000067       data     static C:\MCC18\src\traditional\startup\c018i.c
                   stdout   0x00006a       data     extern C:\MCC18\src\traditional\stdclib\stdout.c
               ANSELAbits   0x000f38       data     extern C:\MCC18\src\traditional\proc\p18F25K22.asm
                   ANSELA   0x000f38       data     extern C:\MCC18\src\traditional\proc\p18F25K22.asm
               ANSELBbits   0x000f39       data     extern C:\MCC18\src\traditional\proc\p18F25K22.asm
                   ANSELB   0x000f39       data     extern C:\MCC18\src\traditional\proc\p18F25K22.asm
               ANSELCbits   0x000f3a       data     extern C:\MCC18\src\traditional\proc\p18F25K22.asm
                   ANSELC   0x000f3a       data     extern C:\MCC18\src\traditional\proc\p18F25K22.asm
                     PMD2   0x000f3d       data     extern C:\MCC18\src\traditional\proc\p18F25K22.asm
                 PMD2bits   0x000f3d       data     extern C:\MCC18\src\traditional\proc\p18F25K22.asm
                     PMD1   0x000f3e       data     extern C:\MCC18\src\traditional\proc\p18F25K22.asm
                 PMD1bits   0x000f3e       data     extern C:\MCC18\src\traditional\proc\p18F25K22.asm
                     PMD0   0x000f3f       data     extern C:\MCC18\src\traditional\proc\p18F25K22.asm
                 PMD0bits   0x000f3f       data     extern C:\MCC18\src\traditional\proc\p18F25K22.asm
              DACCON1bits   0x000f40       data     extern C:\MCC18\src\traditional\proc\p18F25K22.asm
                  DACCON1   0x000f40       data     extern C:\MCC18\src\traditional\proc\p18F25K22.asm
             VREFCON2bits   0x000f40       data     extern C:\MCC18\src\traditional\proc\p18F25K22.asm
                 VREFCON2   0x000f40       data     extern C:\MCC18\src\traditional\proc\p18F25K22.asm
              DACCON0bits   0x000f41       data     extern C:\MCC18\src\traditional\proc\p18F25K22.asm
                  DACCON0   0x000f41       data     extern C:\MCC18\src\traditional\proc\p18F25K22.asm
                 VREFCON1   0x000f41       data     extern C:\MCC18\src\traditional\proc\p18F25K22.asm
             VREFCON1bits   0x000f41       data     extern C:\MCC18\src\traditional\proc\p18F25K22.asm
             VREFCON0bits   0x000f42       data     extern C:\MCC18\src\traditional\proc\p18F25K22.asm
                 VREFCON0   0x000f42       data     extern C:\MCC18\src\traditional\proc\p18F25K22.asm
[...]
                 IPR2bits   0x000fa2       data     extern C:\MCC18\src\traditional\proc\p18F25K22.asm
                     IPR2   0x000fa2       data     extern C:\MCC18\src\traditional\proc\p18F25K22.asm
                 PIE3bits   0x000fa3       data     extern C:\MCC18\src\traditional\proc\p18F25K22.asm
                     PIE3   0x000fa3       data     extern C:\MCC18\src\traditional\proc\p18F25K22.asm
                     PIR3   0x000fa4       data     extern C:\MCC18\src\traditional\proc\p18F25K22.asm
                 PIR3bits   0x000fa4       data     extern C:\MCC18\src\traditional\proc\p18F25K22.asm
                 IPR3bits   0x000fa5       data     extern C:\MCC18\src\traditional\proc\p18F25K22.asm
                     IPR3   0x000fa5       data     extern C:\MCC18\src\traditional\proc\p18F25K22.asm
                   EECON1   0x000fa6       data     extern C:\MCC18\src\traditional\proc\p18F25K22.asm
               EECON1bits   0x000fa6       data     extern C:\MCC18\src\traditional\proc\p18F25K22.asm
                   EECON2   0x000fa7       data     extern C:\MCC18\src\traditional\proc\p18F25K22.asm
                   EEDATA   0x000fa8       data     extern C:\MCC18\src\traditional\proc\p18F25K22.asm
                EEADRbits   0x000fa9       data     extern C:\MCC18\src\traditional\proc\p18F25K22.asm
                    EEADR   0x000fa9       data     extern C:\MCC18\src\traditional\proc\p18F25K22.asm
                RCSTAbits   0x000fab       data     extern C:\MCC18\src\traditional\proc\p18F25K22.asm
               RCSTA1bits   0x000fab       data     extern C:\MCC18\src\traditional\proc\p18F25K22.asm
                   RCSTA1   0x000fab       data     extern C:\MCC18\src\traditional\proc\p18F25K22.asm
                    RCSTA   0x000fab       data     extern C:\MCC18\src\traditional\proc\p18F25K22.asm
                   RC1STA   0x000fab       data     extern C:\MCC18\src\traditional\proc\p18F25K22.asm
               RC1STAbits   0x000fab       data     extern C:\MCC18\src\traditional\proc\p18F25K22.asm
               TXSTA1bits   0x000fac       data     extern C:\MCC18\src\traditional\proc\p18F25K22.asm
                   TXSTA1   0x000fac       data     extern C:\MCC18\src\traditional\proc\p18F25K22.asm
                    TXSTA   0x000fac       data     extern C:\MCC18\src\traditional\proc\p18F25K22.asm
                   TX1STA   0x000fac       data     extern C:\MCC18\src\traditional\proc\p18F25K22.asm
                TXSTAbits   0x000fac       data     extern C:\MCC18\src\traditional\proc\p18F25K22.asm
               TX1STAbits   0x000fac       data     extern C:\MCC18\src\traditional\proc\p18F25K22.asm
                    TXREG   0x000fad       data     extern C:\MCC18\src\traditional\proc\p18F25K22.asm
                TXREGbits   0x000fad       data     extern C:\MCC18\src\traditional\proc\p18F25K22.asm
               TXREG1bits   0x000fad       data     extern C:\MCC18\src\traditional\proc\p18F25K22.asm
                   TXREG1   0x000fad       data     extern C:\MCC18\src\traditional\proc\p18F25K22.asm
                   TX1REG   0x000fad       data     extern C:\MCC18\src\traditional\proc\p18F25K22.asm
               TX1REGbits   0x000fad       data     extern C:\MCC18\src\traditional\proc\p18F25K22.asm
                   RC1REG   0x000fae       data     extern C:\MCC18\src\traditional\proc\p18F25K22.asm
               RC1REGbits   0x000fae       data     extern C:\MCC18\src\traditional\proc\p18F25K22.asm
                RCREGbits   0x000fae       data     extern C:\MCC18\src\traditional\proc\p18F25K22.asm
               RCREG1bits   0x000fae       data     extern C:\MCC18\src\traditional\proc\p18F25K22.asm
                   RCREG1   0x000fae       data     extern C:\MCC18\src\traditional\proc\p18F25K22.asm
                    RCREG   0x000fae       data     extern C:\MCC18\src\traditional\proc\p18F25K22.asm
                SPBRGbits   0x000faf       data     extern C:\MCC18\src\traditional\proc\p18F25K22.asm
               SPBRG1bits   0x000faf       data     extern C:\MCC18\src\traditional\proc\p18F25K22.asm
                   SPBRG1   0x000faf       data     extern C:\MCC18\src\traditional\proc\p18F25K22.asm
                    SPBRG   0x000faf       data     extern C:\MCC18\src\traditional\proc\p18F25K22.asm
               SP1BRGbits   0x000faf       data     extern C:\MCC18\src\traditional\proc\p18F25K22.asm
                   SP1BRG   0x000faf       data     extern C:\MCC18\src\traditional\proc\p18F25K22.asm
               SPBRGHbits   0x000fb0       data     extern C:\MCC18\src\traditional\proc\p18F25K22.asm
              SPBRGH1bits   0x000fb0       data     extern C:\MCC18\src\traditional\proc\p18F25K22.asm
                  SPBRGH1   0x000fb0       data     extern C:\MCC18\src\traditional\proc\p18F25K22.asm
                   SPBRGH   0x000fb0       data     extern C:\MCC18\src\traditional\proc\p18F25K22.asm
              SP1BRGHbits   0x000fb0       data     extern C:\MCC18\src\traditional\proc\p18F25K22.asm
                  SP1BRGH   0x000fb0       data     extern C:\MCC18\src\traditional\proc\p18F25K22.asm
                    T3CON   0x000fb1       data     extern C:\MCC18\src\traditional\proc\p18F25K22.asm
                T3CONbits   0x000fb1       data     extern C:\MCC18\src\traditional\proc\p18F25K22.asm
                    TMR3L   0x000fb2       data     extern C:\MCC18\src\traditional\proc\p18F25K22.asm
                    TMR3H   0x000fb3       data     extern C:\MCC18\src\traditional\proc\p18F25K22.asm
                   T3GCON   0x000fb4       data     extern C:\MCC18\src\traditional\proc\p18F25K22.asm
               T3GCONbits   0x000fb4       data     extern C:\MCC18\src\traditional\proc\p18F25K22.asm
                   ECCPAS   0x000fb6       data     extern C:\MCC18\src\traditional\proc\p18F25K22.asm
               ECCPASbits   0x000fb6       data     extern C:\MCC18\src\traditional\proc\p18F25K22.asm
                  ECCP1AS   0x000fb6       data     extern C:\MCC18\src\traditional\proc\p18F25K22.asm
              ECCP1ASbits   0x000fb6       data     extern C:\MCC18\src\traditional\proc\p18F25K22.asm
               PWMCONbits   0x000fb7       data     extern C:\MCC18\src\traditional\proc\p18F25K22.asm
                   PWMCON   0x000fb7       data     extern C:\MCC18\src\traditional\proc\p18F25K22.asm
              PWM1CONbits   0x000fb7       data     extern C:\MCC18\src\traditional\proc\p18F25K22.asm
                  PWM1CON   0x000fb7       data     extern C:\MCC18\src\traditional\proc\p18F25K22.asm
                 BAUD1CON   0x000fb8       data     extern C:\MCC18\src\traditional\proc\p18F25K22.asm
             BAUD1CONbits   0x000fb8       data     extern C:\MCC18\src\traditional\proc\p18F25K22.asm
                  BAUDCON   0x000fb8       data     extern C:\MCC18\src\traditional\proc\p18F25K22.asm
                 BAUDCON1   0x000fb8       data     extern C:\MCC18\src\traditional\proc\p18F25K22.asm
             BAUDCON1bits   0x000fb8       data     extern C:\MCC18\src\traditional\proc\p18F25K22.asm
              BAUDCONbits   0x000fb8       data     extern C:\MCC18\src\traditional\proc\p18F25K22.asm
                  BAUDCTL   0x000fb8       data     extern C:\MCC18\src\traditional\proc\p18F25K22.asm
              BAUDCTLbits   0x000fb8       data     extern C:\MCC18\src\traditional\proc\p18F25K22.asm
              PSTRCONbits   0x000fb9       data     extern C:\MCC18\src\traditional\proc\p18F25K22.asm
                  PSTRCON   0x000fb9       data     extern C:\MCC18\src\traditional\proc\p18F25K22.asm
             PSTR1CONbits   0x000fb9       data     extern C:\MCC18\src\traditional\proc\p18F25K22.asm
                 PSTR1CON   0x000fb9       data     extern C:\MCC18\src\traditional\proc\p18F25K22.asm
                T2CONbits   0x000fba       data     extern C:\MCC18\src\traditional\proc\p18F25K22.asm
                    T2CON   0x000fba       data     extern C:\MCC18\src\traditional\proc\p18F25K22.asm
                      PR2   0x000fbb       data     extern C:\MCC18\src\traditional\proc\p18F25K22.asm
                     TMR2   0x000fbc       data     extern C:\MCC18\src\traditional\proc\p18F25K22.asm
                  CCP1CON   0x000fbd       data     extern C:\MCC18\src\traditional\proc\p18F25K22.asm
              CCP1CONbits   0x000fbd       data     extern C:\MCC18\src\traditional\proc\p18F25K22.asm
                   CCPR1L   0x000fbe       data     extern C:\MCC18\src\traditional\proc\p18F25K22.asm
                    CCPR1   0x000fbe       data     extern C:\MCC18\src\traditional\proc\p18F25K22.asm
                   CCPR1H   0x000fbf       data     extern C:\MCC18\src\traditional\proc\p18F25K22.asm
               ADCON2bits   0x000fc0       data     extern C:\MCC18\src\traditional\proc\p18F25K22.asm
                   ADCON2   0x000fc0       data     extern C:\MCC18\src\traditional\proc\p18F25K22.asm
                   ADCON1   0x000fc1       data     extern C:\MCC18\src\traditional\proc\p18F25K22.asm
               ADCON1bits   0x000fc1       data     extern C:\MCC18\src\traditional\proc\p18F25K22.asm
                   ADCON0   0x000fc2       data     extern C:\MCC18\src\traditional\proc\p18F25K22.asm
               ADCON0bits   0x000fc2       data     extern C:\MCC18\src\traditional\proc\p18F25K22.asm
                    ADRES   0x000fc3       data     extern C:\MCC18\src\traditional\proc\p18F25K22.asm
                   ADRESL   0x000fc3       data     extern C:\MCC18\src\traditional\proc\p18F25K22.asm
                   ADRESH   0x000fc4       data     extern C:\MCC18\src\traditional\proc\p18F25K22.asm
              SSPCON2bits   0x000fc5       data     extern C:\MCC18\src\traditional\proc\p18F25K22.asm
                  SSPCON2   0x000fc5       data     extern C:\MCC18\src\traditional\proc\p18F25K22.asm
                 SSP1CON2   0x000fc5       data     extern C:\MCC18\src\traditional\proc\p18F25K22.asm
             SSP1CON2bits   0x000fc5       data     extern C:\MCC18\src\traditional\proc\p18F25K22.asm
                 SSP1CON1   0x000fc6       data     extern C:\MCC18\src\traditional\proc\p18F25K22.asm
             SSP1CON1bits   0x000fc6       data     extern C:\MCC18\src\traditional\proc\p18F25K22.asm
              SSPCON1bits   0x000fc6       data     extern C:\MCC18\src\traditional\proc\p18F25K22.asm
                  SSPCON1   0x000fc6       data     extern C:\MCC18\src\traditional\proc\p18F25K22.asm
                  SSPSTAT   0x000fc7       data     extern C:\MCC18\src\traditional\proc\p18F25K22.asm
              SSPSTATbits   0x000fc7       data     extern C:\MCC18\src\traditional\proc\p18F25K22.asm
                 SSP1STAT   0x000fc7       data     extern C:\MCC18\src\traditional\proc\p18F25K22.asm
             SSP1STATbits   0x000fc7       data     extern C:\MCC18\src\traditional\proc\p18F25K22.asm
               SSPADDbits   0x000fc8       data     extern C:\MCC18\src\traditional\proc\p18F25K22.asm
                   SSPADD   0x000fc8       data     extern C:\MCC18\src\traditional\proc\p18F25K22.asm
              SSP1ADDbits   0x000fc8       data     extern C:\MCC18\src\traditional\proc\p18F25K22.asm
                  SSP1ADD   0x000fc8       data     extern C:\MCC18\src\traditional\proc\p18F25K22.asm
                   SSPBUF   0x000fc9       data     extern C:\MCC18\src\traditional\proc\p18F25K22.asm
               SSPBUFbits   0x000fc9       data     extern C:\MCC18\src\traditional\proc\p18F25K22.asm
              SSP1BUFbits   0x000fc9       data     extern C:\MCC18\src\traditional\proc\p18F25K22.asm
                  SSP1BUF   0x000fc9       data     extern C:\MCC18\src\traditional\proc\p18F25K22.asm
              SSP1MSKbits   0x000fca       data     extern C:\MCC18\src\traditional\proc\p18F25K22.asm
                  SSP1MSK   0x000fca       data     extern C:\MCC18\src\traditional\proc\p18F25K22.asm
               SSPMSKbits   0x000fca       data     extern C:\MCC18\src\traditional\proc\p18F25K22.asm
                   SSPMSK   0x000fca       data     extern C:\MCC18\src\traditional\proc\p18F25K22.asm
             SSP1CON3bits   0x000fcb       data     extern C:\MCC18\src\traditional\proc\p18F25K22.asm
                 SSP1CON3   0x000fcb       data     extern C:\MCC18\src\traditional\proc\p18F25K22.asm
                  SSPCON3   0x000fcb       data     extern C:\MCC18\src\traditional\proc\p18F25K22.asm
              SSPCON3bits   0x000fcb       data     extern C:\MCC18\src\traditional\proc\p18F25K22.asm
               T1GCONbits   0x000fcc       data     extern C:\MCC18\src\traditional\proc\p18F25K22.asm
                   T1GCON   0x000fcc       data     extern C:\MCC18\src\traditional\proc\p18F25K22.asm
                T1CONbits   0x000fcd       data     extern C:\MCC18\src\traditional\proc\p18F25K22.asm
                    T1CON   0x000fcd       data     extern C:\MCC18\src\traditional\proc\p18F25K22.asm
                    TMR1L   0x000fce       data     extern C:\MCC18\src\traditional\proc\p18F25K22.asm
                    TMR1H   0x000fcf       data     extern C:\MCC18\src\traditional\proc\p18F25K22.asm
                     RCON   0x000fd0       data     extern C:\MCC18\src\traditional\proc\p18F25K22.asm
                 RCONbits   0x000fd0       data     extern C:\MCC18\src\traditional\proc\p18F25K22.asm
                   WDTCON   0x000fd1       data     extern C:\MCC18\src\traditional\proc\p18F25K22.asm
               WDTCONbits   0x000fd1       data     extern C:\MCC18\src\traditional\proc\p18F25K22.asm
              OSCCON2bits   0x000fd2       data     extern C:\MCC18\src\traditional\proc\p18F25K22.asm
                  OSCCON2   0x000fd2       data     extern C:\MCC18\src\traditional\proc\p18F25K22.asm
                   OSCCON   0x000fd3       data     extern C:\MCC18\src\traditional\proc\p18F25K22.asm
               OSCCONbits   0x000fd3       data     extern C:\MCC18\src\traditional\proc\p18F25K22.asm
                    T0CON   0x000fd5       data     extern C:\MCC18\src\traditional\proc\p18F25K22.asm
                T0CONbits   0x000fd5       data     extern C:\MCC18\src\traditional\proc\p18F25K22.asm
                    TMR0L   0x000fd6       data     extern C:\MCC18\src\traditional\proc\p18F25K22.asm
                    TMR0H   0x000fd7       data     extern C:\MCC18\src\traditional\proc\p18F25K22.asm
               STATUSbits   0x000fd8       data     extern C:\MCC18\src\traditional\proc\p18F25K22.asm
                   STATUS   0x000fd8       data     extern C:\MCC18\src\traditional\proc\p18F25K22.asm
                     FSR2   0x000fd9       data     extern C:\MCC18\src\traditional\proc\p18F25K22.asm
                    FSR2L   0x000fd9       data     extern C:\MCC18\src\traditional\proc\p18F25K22.asm
                    FSR2H   0x000fda       data     extern C:\MCC18\src\traditional\proc\p18F25K22.asm
                   PLUSW2   0x000fdb       data     extern C:\MCC18\src\traditional\proc\p18F25K22.asm
                  PREINC2   0x000fdc       data     extern C:\MCC18\src\traditional\proc\p18F25K22.asm
                 POSTDEC2   0x000fdd       data     extern C:\MCC18\src\traditional\proc\p18F25K22.asm
                 POSTINC2   0x000fde       data     extern C:\MCC18\src\traditional\proc\p18F25K22.asm
                    INDF2   0x000fdf       data     extern C:\MCC18\src\traditional\proc\p18F25K22.asm
                      BSR   0x000fe0       data     extern C:\MCC18\src\traditional\proc\p18F25K22.asm
                     FSR1   0x000fe1       data     extern C:\MCC18\src\traditional\proc\p18F25K22.asm
                    FSR1L   0x000fe1       data     extern C:\MCC18\src\traditional\proc\p18F25K22.asm
                    FSR1H   0x000fe2       data     extern C:\MCC18\src\traditional\proc\p18F25K22.asm
                   PLUSW1   0x000fe3       data     extern C:\MCC18\src\traditional\proc\p18F25K22.asm
                  PREINC1   0x000fe4       data     extern C:\MCC18\src\traditional\proc\p18F25K22.asm
                 POSTDEC1   0x000fe5       data     extern C:\MCC18\src\traditional\proc\p18F25K22.asm
                 POSTINC1   0x000fe6       data     extern C:\MCC18\src\traditional\proc\p18F25K22.asm
                    INDF1   0x000fe7       data     extern C:\MCC18\src\traditional\proc\p18F25K22.asm
                        W   0x000fe8       data     extern C:\MCC18\src\traditional\proc\p18F25K22.asm
                     WREG   0x000fe8       data     extern C:\MCC18\src\traditional\proc\p18F25K22.asm
                    FSR0L   0x000fe9       data     extern C:\MCC18\src\traditional\proc\p18F25K22.asm
                     FSR0   0x000fe9       data     extern C:\MCC18\src\traditional\proc\p18F25K22.asm
                    FSR0H   0x000fea       data     extern C:\MCC18\src\traditional\proc\p18F25K22.asm
                   PLUSW0   0x000feb       data     extern C:\MCC18\src\traditional\proc\p18F25K22.asm
                  PREINC0   0x000fec       data     extern C:\MCC18\src\traditional\proc\p18F25K22.asm
                 POSTDEC0   0x000fed       data     extern C:\MCC18\src\traditional\proc\p18F25K22.asm
                 POSTINC0   0x000fee       data     extern C:\MCC18\src\traditional\proc\p18F25K22.asm
                    INDF0   0x000fef       data     extern C:\MCC18\src\traditional\proc\p18F25K22.asm
              INTCON3bits   0x000ff0       data     extern C:\MCC18\src\traditional\proc\p18F25K22.asm
                  INTCON3   0x000ff0       data     extern C:\MCC18\src\traditional\proc\p18F25K22.asm
              INTCON2bits   0x000ff1       data     extern C:\MCC18\src\traditional\proc\p18F25K22.asm
                  INTCON2   0x000ff1       data     extern C:\MCC18\src\traditional\proc\p18F25K22.asm
               INTCONbits   0x000ff2       data     extern C:\MCC18\src\traditional\proc\p18F25K22.asm
                   INTCON   0x000ff2       data     extern C:\MCC18\src\traditional\proc\p18F25K22.asm
                     PROD   0x000ff3       data     extern C:\MCC18\src\traditional\proc\p18F25K22.asm
                    PRODL   0x000ff3       data     extern C:\MCC18\src\traditional\proc\p18F25K22.asm
                    PRODH   0x000ff4       data     extern C:\MCC18\src\traditional\proc\p18F25K22.asm
                   TABLAT   0x000ff5       data     extern C:\MCC18\src\traditional\proc\p18F25K22.asm
                  TBLPTRL   0x000ff6       data     extern C:\MCC18\src\traditional\proc\p18F25K22.asm
                   TBLPTR   0x000ff6       data     extern C:\MCC18\src\traditional\proc\p18F25K22.asm
                  TBLPTRH   0x000ff7       data     extern C:\MCC18\src\traditional\proc\p18F25K22.asm
                  TBLPTRU   0x000ff8       data     extern C:\MCC18\src\traditional\proc\p18F25K22.asm
              TBLPTRUbits   0x000ff8       data     extern C:\MCC18\src\traditional\proc\p18F25K22.asm
                      PCL   0x000ff9       data     extern C:\MCC18\src\traditional\proc\p18F25K22.asm
                       PC   0x000ff9       data     extern C:\MCC18\src\traditional\proc\p18F25K22.asm
                   PCLATH   0x000ffa       data     extern C:\MCC18\src\traditional\proc\p18F25K22.asm
                   PCLATU   0x000ffb       data     extern C:\MCC18\src\traditional\proc\p18F25K22.asm
               STKPTRbits   0x000ffc       data     extern C:\MCC18\src\traditional\proc\p18F25K22.asm
                   STKPTR   0x000ffc       data     extern C:\MCC18\src\traditional\proc\p18F25K22.asm
                      TOS   0x000ffd       data     extern C:\MCC18\src\traditional\proc\p18F25K22.asm
                     TOSL   0x000ffd       data     extern C:\MCC18\src\traditional\proc\p18F25K22.asm
                     TOSH   0x000ffe       data     extern C:\MCC18\src\traditional\proc\p18F25K22.asm
                     TOSU   0x000fff       data     extern C:\MCC18\src\traditional\proc\p18F25K22.asm


